127.0.0.1 - - [15/Jun/2020:17:18:02 +0800] "PUT /nacos/v1/ns/instance/beat?app=unknown&namespaceId=public&port=9091&clusterName=DEFAULT&ip=192.168.190.1&serviceName=DEFAULT_GROUP%40%40auth-server&encoding=UTF-8 HTTP/1.1" 200 75 14 Nacos-Java-Client:v1.2.1
127.0.0.1 - - [15/Jun/2020:17:18:07 +0800] "PUT /nacos/v1/ns/instance/beat?app=unknown&namespaceId=public&port=9091&clusterName=DEFAULT&ip=192.168.190.1&serviceName=DEFAULT_GROUP%40%40auth-server&encoding=UTF-8 HTTP/1.1" 200 75 6 Nacos-Java-Client:v1.2.1
127.0.0.1 - - [15/Jun/2020:17:18:12 +0800] "PUT /nacos/v1/ns/instance/beat?app=unknown&namespaceId=public&port=9091&clusterName=DEFAULT&ip=192.168.190.1&serviceName=DEFAULT_GROUP%40%40auth-server&encoding=UTF-8 HTTP/1.1" 200 75 5 Nacos-Java-Client:v1.2.1
127.0.0.1 - - [15/Jun/2020:17:18:17 +0800] "PUT /nacos/v1/ns/instance/beat?app=unknown&namespaceId=public&port=9091&clusterName=DEFAULT&ip=192.168.190.1&serviceName=DEFAULT_GROUP%40%40auth-server&encoding=UTF-8 HTTP/1.1" 200 75 24 Nacos-Java-Client:v1.2.1
127.0.0.1 - - [15/Jun/2020:17:18:22 +0800] "PUT /nacos/v1/ns/instance/beat?app=unknown&namespaceId=public&port=9091&clusterName=DEFAULT&ip=192.168.190.1&serviceName=DEFAULT_GROUP%40%40auth-server&encoding=UTF-8 HTTP/1.1" 200 75 3 Nacos-Java-Client:v1.2.1
127.0.0.1 - - [15/Jun/2020:17:18:27 +0800] "PUT /nacos/v1/ns/instance/beat?app=unknown&namespaceId=public&port=9091&clusterName=DEFAULT&ip=192.168.190.1&serviceName=DEFAULT_GROUP%40%40auth-server&encoding=UTF-8 HTTP/1.1" 200 75 2 Nacos-Java-Client:v1.2.1
127.0.0.1 - - [15/Jun/2020:17:18:32 +0800] "PUT /nacos/v1/ns/instance/beat?app=unknown&namespaceId=public&port=9091&clusterName=DEFAULT&ip=192.168.190.1&serviceName=DEFAULT_GROUP%40%40auth-server&encoding=UTF-8 HTTP/1.1" 200 75 15 Nacos-Java-Client:v1.2.1
127.0.0.1 - - [15/Jun/2020:17:18:37 +0800] "PUT /nacos/v1/ns/instance/beat?app=unknown&namespaceId=public&port=9091&clusterName=DEFAULT&ip=192.168.190.1&serviceName=DEFAULT_GROUP%40%40auth-server&encoding=UTF-8 HTTP/1.1" 200 75 3 Nacos-Java-Client:v1.2.1
127.0.0.1 - - [15/Jun/2020:17:18:42 +0800] "PUT /nacos/v1/ns/instance/beat?app=unknown&namespaceId=public&port=9091&clusterName=DEFAULT&ip=192.168.190.1&serviceName=DEFAULT_GROUP%40%40auth-server&encoding=UTF-8 HTTP/1.1" 200 75 6 Nacos-Java-Client:v1.2.1
127.0.0.1 - - [15/Jun/2020:17:18:47 +0800] "PUT /nacos/v1/ns/instance/beat?app=unknown&namespaceId=public&port=9091&clusterName=DEFAULT&ip=192.168.190.1&serviceName=DEFAULT_GROUP%40%40auth-server&encoding=UTF-8 HTTP/1.1" 200 75 12 Nacos-Java-Client:v1.2.1
127.0.0.1 - - [15/Jun/2020:17:18:53 +0800] "PUT /nacos/v1/ns/instance/beat?app=unknown&namespaceId=public&port=9091&clusterName=DEFAULT&ip=192.168.190.1&serviceName=DEFAULT_GROUP%40%40auth-server&encoding=UTF-8 HTTP/1.1" 200 75 27 Nacos-Java-Client:v1.2.1
127.0.0.1 - - [15/Jun/2020:17:18:58 +0800] "PUT /nacos/v1/ns/instance/beat?app=unknown&namespaceId=public&port=9091&clusterName=DEFAULT&ip=192.168.190.1&serviceName=DEFAULT_GROUP%40%40auth-server&encoding=UTF-8 HTTP/1.1" 200 75 14 Nacos-Java-Client:v1.2.1
127.0.0.1 - - [15/Jun/2020:17:19:03 +0800] "PUT /nacos/v1/ns/instance/beat?app=unknown&namespaceId=public&port=9091&clusterName=DEFAULT&ip=192.168.190.1&serviceName=DEFAULT_GROUP%40%40auth-server&encoding=UTF-8 HTTP/1.1" 200 75 3 Nacos-Java-Client:v1.2.1
127.0.0.1 - - [15/Jun/2020:17:19:08 +0800] "PUT /nacos/v1/ns/instance/beat?app=unknown&namespaceId=public&port=9091&clusterName=DEFAULT&ip=192.168.190.1&serviceName=DEFAULT_GROUP%40%40auth-server&encoding=UTF-8 HTTP/1.1" 200 75 15 Nacos-Java-Client:v1.2.1
127.0.0.1 - - [15/Jun/2020:17:19:13 +0800] "PUT /nacos/v1/ns/instance/beat?app=unknown&namespaceId=public&port=9091&clusterName=DEFAULT&ip=192.168.190.1&serviceName=DEFAULT_GROUP%40%40auth-server&encoding=UTF-8 HTTP/1.1" 200 75 2 Nacos-Java-Client:v1.2.1
127.0.0.1 - - [15/Jun/2020:17:19:18 +0800] "PUT /nacos/v1/ns/instance/beat?app=unknown&namespaceId=public&port=9091&clusterName=DEFAULT&ip=192.168.190.1&serviceName=DEFAULT_GROUP%40%40auth-server&encoding=UTF-8 HTTP/1.1" 200 75 3 Nacos-Java-Client:v1.2.1
127.0.0.1 - - [15/Jun/2020:17:19:23 +0800] "PUT /nacos/v1/ns/instance/beat?app=unknown&namespaceId=public&port=9091&clusterName=DEFAULT&ip=192.168.190.1&serviceName=DEFAULT_GROUP%40%40auth-server&encoding=UTF-8 HTTP/1.1" 200 75 16 Nacos-Java-Client:v1.2.1
127.0.0.1 - - [15/Jun/2020:17:19:28 +0800] "PUT /nacos/v1/ns/instance/beat?app=unknown&namespaceId=public&port=9091&clusterName=DEFAULT&ip=192.168.190.1&serviceName=DEFAULT_GROUP%40%40auth-server&encoding=UTF-8 HTTP/1.1" 200 75 6 Nacos-Java-Client:v1.2.1
127.0.0.1 - - [15/Jun/2020:17:19:33 +0800] "PUT /nacos/v1/ns/instance/beat?app=unknown&namespaceId=public&port=9091&clusterName=DEFAULT&ip=192.168.190.1&serviceName=DEFAULT_GROUP%40%40auth-server&encoding=UTF-8 HTTP/1.1" 200 75 33 Nacos-Java-Client:v1.2.1
127.0.0.1 - - [15/Jun/2020:17:19:38 +0800] "PUT /nacos/v1/ns/instance/beat?app=unknown&namespaceId=public&port=9091&clusterName=DEFAULT&ip=192.168.190.1&serviceName=DEFAULT_GROUP%40%40auth-server&encoding=UTF-8 HTTP/1.1" 200 75 6 Nacos-Java-Client:v1.2.1
127.0.0.1 - - [15/Jun/2020:17:19:43 +0800] "PUT /nacos/v1/ns/instance/beat?app=unknown&namespaceId=public&port=9091&clusterName=DEFAULT&ip=192.168.190.1&serviceName=DEFAULT_GROUP%40%40auth-server&encoding=UTF-8 HTTP/1.1" 200 75 6 Nacos-Java-Client:v1.2.1
127.0.0.1 - - [15/Jun/2020:17:19:48 +0800] "PUT /nacos/v1/ns/instance/beat?app=unknown&namespaceId=public&port=9091&clusterName=DEFAULT&ip=192.168.190.1&serviceName=DEFAULT_GROUP%40%40auth-server&encoding=UTF-8 HTTP/1.1" 200 75 10 Nacos-Java-Client:v1.2.1
127.0.0.1 - - [15/Jun/2020:17:19:53 +0800] "PUT /nacos/v1/ns/instance/beat?app=unknown&namespaceId=public&port=9091&clusterName=DEFAULT&ip=192.168.190.1&serviceName=DEFAULT_GROUP%40%40auth-server&encoding=UTF-8 HTTP/1.1" 200 75 3 Nacos-Java-Client:v1.2.1
127.0.0.1 - - [15/Jun/2020:17:19:58 +0800] "PUT /nacos/v1/ns/instance/beat?app=unknown&namespaceId=public&port=9091&clusterName=DEFAULT&ip=192.168.190.1&serviceName=DEFAULT_GROUP%40%40auth-server&encoding=UTF-8 HTTP/1.1" 200 75 2 Nacos-Java-Client:v1.2.1
127.0.0.1 - - [15/Jun/2020:17:20:21 +0800] "POST /nacos/v1/ns/instance?app=unknown&metadata=%7B%22preserved.register.source%22%3A%22SPRING_CLOUD%22%7D&ip=192.168.190.1&weight=1.0&ephemeral=true&serviceName=DEFAULT_GROUP%40%40auth-server&encoding=UTF-8&groupName=DEFAULT_GROUP&namespaceId=public&port=9091&enable=true&healthy=true&clusterName=DEFAULT HTTP/1.1" 200 2 5 Nacos-Java-Client:v1.2.1
127.0.0.1 - - [15/Jun/2020:17:20:26 +0800] "PUT /nacos/v1/ns/instance/beat?app=unknown&namespaceId=public&port=9091&clusterName=DEFAULT&ip=192.168.190.1&serviceName=DEFAULT_GROUP%40%40auth-server&encoding=UTF-8 HTTP/1.1" 200 75 4 Nacos-Java-Client:v1.2.1
127.0.0.1 - - [15/Jun/2020:17:20:31 +0800] "PUT /nacos/v1/ns/instance/beat?app=unknown&namespaceId=public&port=9091&clusterName=DEFAULT&ip=192.168.190.1&serviceName=DEFAULT_GROUP%40%40auth-server&encoding=UTF-8 HTTP/1.1" 200 75 6 Nacos-Java-Client:v1.2.1
127.0.0.1 - - [15/Jun/2020:17:20:36 +0800] "PUT /nacos/v1/ns/instance/beat?app=unknown&namespaceId=public&port=9091&clusterName=DEFAULT&ip=192.168.190.1&serviceName=DEFAULT_GROUP%40%40auth-server&encoding=UTF-8 HTTP/1.1" 200 75 23 Nacos-Java-Client:v1.2.1
127.0.0.1 - - [15/Jun/2020:17:20:41 +0800] "PUT /nacos/v1/ns/instance/beat?app=unknown&namespaceId=public&port=9091&clusterName=DEFAULT&ip=192.168.190.1&serviceName=DEFAULT_GROUP%40%40auth-server&encoding=UTF-8 HTTP/1.1" 200 75 12 Nacos-Java-Client:v1.2.1
127.0.0.1 - - [15/Jun/2020:17:20:46 +0800] "PUT /nacos/v1/ns/instance/beat?app=unknown&namespaceId=public&port=9091&clusterName=DEFAULT&ip=192.168.190.1&serviceName=DEFAULT_GROUP%40%40auth-server&encoding=UTF-8 HTTP/1.1" 200 75 7 Nacos-Java-Client:v1.2.1
127.0.0.1 - - [15/Jun/2020:17:20:51 +0800] "PUT /nacos/v1/ns/instance/beat?app=unknown&namespaceId=public&port=9091&clusterName=DEFAULT&ip=192.168.190.1&serviceName=DEFAULT_GROUP%40%40auth-server&encoding=UTF-8 HTTP/1.1" 200 75 4 Nacos-Java-Client:v1.2.1
127.0.0.1 - - [15/Jun/2020:17:20:56 +0800] "PUT /nacos/v1/ns/instance/beat?app=unknown&namespaceId=public&port=9091&clusterName=DEFAULT&ip=192.168.190.1&serviceName=DEFAULT_GROUP%40%40auth-server&encoding=UTF-8 HTTP/1.1" 200 75 10 Nacos-Java-Client:v1.2.1
127.0.0.1 - - [15/Jun/2020:17:21:01 +0800] "PUT /nacos/v1/ns/instance/beat?app=unknown&namespaceId=public&port=9091&clusterName=DEFAULT&ip=192.168.190.1&serviceName=DEFAULT_GROUP%40%40auth-server&encoding=UTF-8 HTTP/1.1" 200 75 9 Nacos-Java-Client:v1.2.1
127.0.0.1 - - [15/Jun/2020:17:21:06 +0800] "PUT /nacos/v1/ns/instance/beat?app=unknown&namespaceId=public&port=9091&clusterName=DEFAULT&ip=192.168.190.1&serviceName=DEFAULT_GROUP%40%40auth-server&encoding=UTF-8 HTTP/1.1" 200 75 6 Nacos-Java-Client:v1.2.1
127.0.0.1 - - [15/Jun/2020:17:21:11 +0800] "PUT /nacos/v1/ns/instance/beat?app=unknown&namespaceId=public&port=9091&clusterName=DEFAULT&ip=192.168.190.1&serviceName=DEFAULT_GROUP%40%40auth-server&encoding=UTF-8 HTTP/1.1" 200 75 6 Nacos-Java-Client:v1.2.1
127.0.0.1 - - [15/Jun/2020:17:21:16 +0800] "PUT /nacos/v1/ns/instance/beat?app=unknown&namespaceId=public&port=9091&clusterName=DEFAULT&ip=192.168.190.1&serviceName=DEFAULT_GROUP%40%40auth-server&encoding=UTF-8 HTTP/1.1" 200 75 6 Nacos-Java-Client:v1.2.1
127.0.0.1 - - [15/Jun/2020:17:21:21 +0800] "PUT /nacos/v1/ns/instance/beat?app=unknown&namespaceId=public&port=9091&clusterName=DEFAULT&ip=192.168.190.1&serviceName=DEFAULT_GROUP%40%40auth-server&encoding=UTF-8 HTTP/1.1" 200 75 19 Nacos-Java-Client:v1.2.1
127.0.0.1 - - [15/Jun/2020:17:21:26 +0800] "PUT /nacos/v1/ns/instance/beat?app=unknown&namespaceId=public&port=9091&clusterName=DEFAULT&ip=192.168.190.1&serviceName=DEFAULT_GROUP%40%40auth-server&encoding=UTF-8 HTTP/1.1" 200 75 7 Nacos-Java-Client:v1.2.1
127.0.0.1 - - [15/Jun/2020:17:21:31 +0800] "PUT /nacos/v1/ns/instance/beat?app=unknown&namespaceId=public&port=9091&clusterName=DEFAULT&ip=192.168.190.1&serviceName=DEFAULT_GROUP%40%40auth-server&encoding=UTF-8 HTTP/1.1" 200 75 3 Nacos-Java-Client:v1.2.1
127.0.0.1 - - [15/Jun/2020:17:21:36 +0800] "PUT /nacos/v1/ns/instance/beat?app=unknown&namespaceId=public&port=9091&clusterName=DEFAULT&ip=192.168.190.1&serviceName=DEFAULT_GROUP%40%40auth-server&encoding=UTF-8 HTTP/1.1" 200 75 2 Nacos-Java-Client:v1.2.1
127.0.0.1 - - [15/Jun/2020:17:21:41 +0800] "PUT /nacos/v1/ns/instance/beat?app=unknown&namespaceId=public&port=9091&clusterName=DEFAULT&ip=192.168.190.1&serviceName=DEFAULT_GROUP%40%40auth-server&encoding=UTF-8 HTTP/1.1" 200 75 8 Nacos-Java-Client:v1.2.1
127.0.0.1 - - [15/Jun/2020:17:21:46 +0800] "PUT /nacos/v1/ns/instance/beat?app=unknown&namespaceId=public&port=9091&clusterName=DEFAULT&ip=192.168.190.1&serviceName=DEFAULT_GROUP%40%40auth-server&encoding=UTF-8 HTTP/1.1" 200 75 2 Nacos-Java-Client:v1.2.1
127.0.0.1 - - [15/Jun/2020:17:21:51 +0800] "PUT /nacos/v1/ns/instance/beat?app=unknown&namespaceId=public&port=9091&clusterName=DEFAULT&ip=192.168.190.1&serviceName=DEFAULT_GROUP%40%40auth-server&encoding=UTF-8 HTTP/1.1" 200 75 3 Nacos-Java-Client:v1.2.1
0:0:0:0:0:0:0:1 - - [15/Jun/2020:17:21:55 +0800] "GET /nacos/ HTTP/1.1" 304 - 58 Mozilla/5.0 (Windows NT 10.0; Win64; x64) AppleWebKit/537.36 (KHTML, like Gecko) Chrome/83.0.4103.97 Safari/537.36 Edg/83.0.478.45
0:0:0:0:0:0:0:1 - - [15/Jun/2020:17:21:56 +0800] "GET /nacos/v1/console/namespaces?&accessToken=eyJhbGciOiJIUzI1NiJ9.eyJzdWIiOiJuYWNvcyIsImV4cCI6MTU5MjIyMjYxOH0.Qp-V2RBSZUipAu9VxQ6R4DHX-qY1Czn-stEnGggEOMU&namespaceId= HTTP/1.1" 200 130 11 Mozilla/5.0 (Windows NT 10.0; Win64; x64) AppleWebKit/537.36 (KHTML, like Gecko) Chrome/83.0.4103.97 Safari/537.36 Edg/83.0.478.45
0:0:0:0:0:0:0:1 - - [15/Jun/2020:17:21:56 +0800] "GET /nacos/v1/console/server/state?accessToken=eyJhbGciOiJIUzI1NiJ9.eyJzdWIiOiJuYWNvcyIsImV4cCI6MTU5MjIyMjYxOH0.Qp-V2RBSZUipAu9VxQ6R4DHX-qY1Czn-stEnGggEOMU HTTP/1.1" 200 82 3 Mozilla/5.0 (Windows NT 10.0; Win64; x64) AppleWebKit/537.36 (KHTML, like Gecko) Chrome/83.0.4103.97 Safari/537.36 Edg/83.0.478.45
0:0:0:0:0:0:0:1 - - [15/Jun/2020:17:21:56 +0800] "GET /nacos/v1/ns/catalog/services?hasIpCount=true&withInstances=false&pageNo=1&pageSize=10&serviceNameParam=&groupNameParam=&accessToken=eyJhbGciOiJIUzI1NiJ9.eyJzdWIiOiJuYWNvcyIsImV4cCI6MTU5MjIyMjYxOH0.Qp-V2RBSZUipAu9VxQ6R4DHX-qY1Czn-stEnGggEOMU&namespaceId= HTTP/1.1" 200 165 4 Mozilla/5.0 (Windows NT 10.0; Win64; x64) AppleWebKit/537.36 (KHTML, like Gecko) Chrome/83.0.4103.97 Safari/537.36 Edg/83.0.478.45
0:0:0:0:0:0:0:1 - - [15/Jun/2020:17:21:56 +0800] "GET /nacos/console-fe/min-maps/vs/loader.js.map HTTP/1.1" 404 174 112 Mozilla/5.0 (Windows NT 10.0; Win64; x64) AppleWebKit/537.36 (KHTML, like Gecko) Chrome/83.0.4103.97 Safari/537.36 Edg/83.0.478.45
0:0:0:0:0:0:0:1 - - [15/Jun/2020:17:21:56 +0800] "GET /nacos/console-fe/public/icons/icon-font.woff2 HTTP/1.1" 404 177 111 Mozilla/5.0 (Windows NT 10.0; Win64; x64) AppleWebKit/537.36 (KHTML, like Gecko) Chrome/83.0.4103.97 Safari/537.36 Edg/83.0.478.45
127.0.0.1 - - [15/Jun/2020:17:21:56 +0800] "PUT /nacos/v1/ns/instance/beat?app=unknown&namespaceId=public&port=9091&clusterName=DEFAULT&ip=192.168.190.1&serviceName=DEFAULT_GROUP%40%40auth-server&encoding=UTF-8 HTTP/1.1" 200 75 12 Nacos-Java-Client:v1.2.1
0:0:0:0:0:0:0:1 - - [15/Jun/2020:17:21:56 +0800] "GET /nacos/console-fe/public/min-maps/vs/editor/editor.main.js.map HTTP/1.1" 404 193 130 Mozilla/5.0 (Windows NT 10.0; Win64; x64) AppleWebKit/537.36 (KHTML, like Gecko) Chrome/83.0.4103.97 Safari/537.36 Edg/83.0.478.45
0:0:0:0:0:0:0:1 - - [15/Jun/2020:17:21:56 +0800] "GET /nacos/console-fe/public/min-maps/vs/editor/editor.main.nls.zh-cn.js.map HTTP/1.1" 404 203 73 Mozilla/5.0 (Windows NT 10.0; Win64; x64) AppleWebKit/537.36 (KHTML, like Gecko) Chrome/83.0.4103.97 Safari/537.36 Edg/83.0.478.45
0:0:0:0:0:0:0:1 - - [15/Jun/2020:17:21:56 +0800] "GET /nacos/console-fe/public/img/favicon.ico HTTP/1.1" 200 4286 47 Mozilla/5.0 (Windows NT 10.0; Win64; x64) AppleWebKit/537.36 (KHTML, like Gecko) Chrome/83.0.4103.97 Safari/537.36 Edg/83.0.478.45
0:0:0:0:0:0:0:1 - - [15/Jun/2020:17:22:00 +0800] "GET /nacos/v1/cs/configs?dataId=&group=&appName=&config_tags=&pageNo=1&pageSize=10&tenant=&search=accurate&accessToken=eyJhbGciOiJIUzI1NiJ9.eyJzdWIiOiJuYWNvcyIsImV4cCI6MTU5MjIyMjYxOH0.Qp-V2RBSZUipAu9VxQ6R4DHX-qY1Czn-stEnGggEOMU HTTP/1.1" 200 76 96 Mozilla/5.0 (Windows NT 10.0; Win64; x64) AppleWebKit/537.36 (KHTML, like Gecko) Chrome/83.0.4103.97 Safari/537.36 Edg/83.0.478.45
127.0.0.1 - - [15/Jun/2020:17:22:01 +0800] "PUT /nacos/v1/ns/instance/beat?app=unknown&namespaceId=public&port=9091&clusterName=DEFAULT&ip=192.168.190.1&serviceName=DEFAULT_GROUP%40%40auth-server&encoding=UTF-8 HTTP/1.1" 200 75 6 Nacos-Java-Client:v1.2.1
0:0:0:0:0:0:0:1 - - [15/Jun/2020:17:22:03 +0800] "GET /nacos/v1/cs/configs?dataId=&group=&appName=&config_tags=&pageNo=1&pageSize=10&tenant=&search=accurate&accessToken=eyJhbGciOiJIUzI1NiJ9.eyJzdWIiOiJuYWNvcyIsImV4cCI6MTU5MjIyMjYxOH0.Qp-V2RBSZUipAu9VxQ6R4DHX-qY1Czn-stEnGggEOMU HTTP/1.1" 200 76 3 Mozilla/5.0 (Windows NT 10.0; Win64; x64) AppleWebKit/537.36 (KHTML, like Gecko) Chrome/83.0.4103.97 Safari/537.36 Edg/83.0.478.45
0:0:0:0:0:0:0:1 - - [15/Jun/2020:17:22:05 +0800] "GET /nacos/v1/ns/catalog/services?hasIpCount=true&withInstances=false&pageNo=1&pageSize=10&serviceNameParam=&groupNameParam=&accessToken=eyJhbGciOiJIUzI1NiJ9.eyJzdWIiOiJuYWNvcyIsImV4cCI6MTU5MjIyMjYxOH0.Qp-V2RBSZUipAu9VxQ6R4DHX-qY1Czn-stEnGggEOMU&namespaceId= HTTP/1.1" 200 165 6 Mozilla/5.0 (Windows NT 10.0; Win64; x64) AppleWebKit/537.36 (KHTML, like Gecko) Chrome/83.0.4103.97 Safari/537.36 Edg/83.0.478.45
127.0.0.1 - - [15/Jun/2020:17:22:06 +0800] "PUT /nacos/v1/ns/instance/beat?app=unknown&namespaceId=public&port=9091&clusterName=DEFAULT&ip=192.168.190.1&serviceName=DEFAULT_GROUP%40%40auth-server&encoding=UTF-8 HTTP/1.1" 200 75 17 Nacos-Java-Client:v1.2.1
127.0.0.1 - - [15/Jun/2020:17:22:11 +0800] "PUT /nacos/v1/ns/instance/beat?app=unknown&namespaceId=public&port=9091&clusterName=DEFAULT&ip=192.168.190.1&serviceName=DEFAULT_GROUP%40%40auth-server&encoding=UTF-8 HTTP/1.1" 200 75 29 Nacos-Java-Client:v1.2.1
0:0:0:0:0:0:0:1 - - [15/Jun/2020:17:22:12 +0800] "GET /nacos/v1/ns/catalog/service?serviceName=auth-server&groupName=DEFAULT_GROUP&accessToken=eyJhbGciOiJIUzI1NiJ9.eyJzdWIiOiJuYWNvcyIsImV4cCI6MTU5MjIyMjYxOH0.Qp-V2RBSZUipAu9VxQ6R4DHX-qY1Czn-stEnGggEOMU&namespaceId= HTTP/1.1" 200 320 3 Mozilla/5.0 (Windows NT 10.0; Win64; x64) AppleWebKit/537.36 (KHTML, like Gecko) Chrome/83.0.4103.97 Safari/537.36 Edg/83.0.478.45
0:0:0:0:0:0:0:1 - - [15/Jun/2020:17:22:12 +0800] "GET /nacos/v1/ns/catalog/instances?&accessToken=eyJhbGciOiJIUzI1NiJ9.eyJzdWIiOiJuYWNvcyIsImV4cCI6MTU5MjIyMjYxOH0.Qp-V2RBSZUipAu9VxQ6R4DHX-qY1Czn-stEnGggEOMU&serviceName=auth-server&clusterName=DEFAULT&groupName=DEFAULT_GROUP&pageSize=10&pageNo=1&namespaceId= HTTP/1.1" 200 465 23 Mozilla/5.0 (Windows NT 10.0; Win64; x64) AppleWebKit/537.36 (KHTML, like Gecko) Chrome/83.0.4103.97 Safari/537.36 Edg/83.0.478.45
0:0:0:0:0:0:0:1 - - [15/Jun/2020:17:22:12 +0800] "GET /nacos/console-fe/public/min-maps/vs/base/worker/workerMain.js.map HTTP/1.1" 404 197 75 Mozilla/5.0 (Windows NT 10.0; Win64; x64) AppleWebKit/537.36 (KHTML, like Gecko) Chrome/83.0.4103.97 Safari/537.36 Edg/83.0.478.45
0:0:0:0:0:0:0:1 - - [15/Jun/2020:17:22:13 +0800] "GET /nacos/console-fe/public/min-maps/vs/base/worker/workerMain.js.map HTTP/1.1" 404 197 85 Mozilla/5.0 (Windows NT 10.0; Win64; x64) AppleWebKit/537.36 (KHTML, like Gecko) Chrome/83.0.4103.97 Safari/537.36 Edg/83.0.478.45
127.0.0.1 - - [15/Jun/2020:17:22:16 +0800] "PUT /nacos/v1/ns/instance/beat?app=unknown&namespaceId=public&port=9091&clusterName=DEFAULT&ip=192.168.190.1&serviceName=DEFAULT_GROUP%40%40auth-server&encoding=UTF-8 HTTP/1.1" 200 75 3 Nacos-Java-Client:v1.2.1
127.0.0.1 - - [15/Jun/2020:17:22:21 +0800] "PUT /nacos/v1/ns/instance/beat?app=unknown&namespaceId=public&port=9091&clusterName=DEFAULT&ip=192.168.190.1&serviceName=DEFAULT_GROUP%40%40auth-server&encoding=UTF-8 HTTP/1.1" 200 75 9 Nacos-Java-Client:v1.2.1
127.0.0.1 - - [15/Jun/2020:17:22:26 +0800] "PUT /nacos/v1/ns/instance/beat?app=unknown&namespaceId=public&port=9091&clusterName=DEFAULT&ip=192.168.190.1&serviceName=DEFAULT_GROUP%40%40auth-server&encoding=UTF-8 HTTP/1.1" 200 75 6 Nacos-Java-Client:v1.2.1
127.0.0.1 - - [15/Jun/2020:17:22:31 +0800] "PUT /nacos/v1/ns/instance/beat?app=unknown&namespaceId=public&port=9091&clusterName=DEFAULT&ip=192.168.190.1&serviceName=DEFAULT_GROUP%40%40auth-server&encoding=UTF-8 HTTP/1.1" 200 75 3 Nacos-Java-Client:v1.2.1
127.0.0.1 - - [15/Jun/2020:17:22:36 +0800] "PUT /nacos/v1/ns/instance/beat?app=unknown&namespaceId=public&port=9091&clusterName=DEFAULT&ip=192.168.190.1&serviceName=DEFAULT_GROUP%40%40auth-server&encoding=UTF-8 HTTP/1.1" 200 75 18 Nacos-Java-Client:v1.2.1
127.0.0.1 - - [15/Jun/2020:17:22:41 +0800] "PUT /nacos/v1/ns/instance/beat?app=unknown&namespaceId=public&port=9091&clusterName=DEFAULT&ip=192.168.190.1&serviceName=DEFAULT_GROUP%40%40auth-server&encoding=UTF-8 HTTP/1.1" 200 75 8 Nacos-Java-Client:v1.2.1
127.0.0.1 - - [15/Jun/2020:17:22:46 +0800] "PUT /nacos/v1/ns/instance/beat?app=unknown&namespaceId=public&port=9091&clusterName=DEFAULT&ip=192.168.190.1&serviceName=DEFAULT_GROUP%40%40auth-server&encoding=UTF-8 HTTP/1.1" 200 75 21 Nacos-Java-Client:v1.2.1
127.0.0.1 - - [15/Jun/2020:17:22:51 +0800] "PUT /nacos/v1/ns/instance/beat?app=unknown&namespaceId=public&port=9091&clusterName=DEFAULT&ip=192.168.190.1&serviceName=DEFAULT_GROUP%40%40auth-server&encoding=UTF-8 HTTP/1.1" 200 75 11 Nacos-Java-Client:v1.2.1
127.0.0.1 - - [15/Jun/2020:17:22:56 +0800] "PUT /nacos/v1/ns/instance/beat?app=unknown&namespaceId=public&port=9091&clusterName=DEFAULT&ip=192.168.190.1&serviceName=DEFAULT_GROUP%40%40auth-server&encoding=UTF-8 HTTP/1.1" 200 75 27 Nacos-Java-Client:v1.2.1
0:0:0:0:0:0:0:1 - - [15/Jun/2020:17:22:56 +0800] "PUT /nacos/v1/ns/service?&accessToken=eyJhbGciOiJIUzI1NiJ9.eyJzdWIiOiJuYWNvcyIsImV4cCI6MTU5MjIyMjYxOH0.Qp-V2RBSZUipAu9VxQ6R4DHX-qY1Czn-stEnGggEOMU HTTP/1.1" 200 2 217 Mozilla/5.0 (Windows NT 10.0; Win64; x64) AppleWebKit/537.36 (KHTML, like Gecko) Chrome/83.0.4103.97 Safari/537.36 Edg/83.0.478.45
0:0:0:0:0:0:0:1 - - [15/Jun/2020:17:22:56 +0800] "GET /nacos/v1/ns/catalog/service?serviceName=auth-server&groupName=DEFAULT_GROUP&accessToken=eyJhbGciOiJIUzI1NiJ9.eyJzdWIiOiJuYWNvcyIsImV4cCI6MTU5MjIyMjYxOH0.Qp-V2RBSZUipAu9VxQ6R4DHX-qY1Czn-stEnGggEOMU&namespaceId= HTTP/1.1" 200 347 24 Mozilla/5.0 (Windows NT 10.0; Win64; x64) AppleWebKit/537.36 (KHTML, like Gecko) Chrome/83.0.4103.97 Safari/537.36 Edg/83.0.478.45
127.0.0.1 - - [15/Jun/2020:17:23:01 +0800] "PUT /nacos/v1/ns/instance/beat?app=unknown&namespaceId=public&port=9091&clusterName=DEFAULT&ip=192.168.190.1&serviceName=DEFAULT_GROUP%40%40auth-server&encoding=UTF-8 HTTP/1.1" 200 75 19 Nacos-Java-Client:v1.2.1
127.0.0.1 - - [15/Jun/2020:17:23:06 +0800] "PUT /nacos/v1/ns/instance/beat?app=unknown&namespaceId=public&port=9091&clusterName=DEFAULT&ip=192.168.190.1&serviceName=DEFAULT_GROUP%40%40auth-server&encoding=UTF-8 HTTP/1.1" 200 75 24 Nacos-Java-Client:v1.2.1
127.0.0.1 - - [15/Jun/2020:17:23:11 +0800] "PUT /nacos/v1/ns/instance/beat?app=unknown&namespaceId=public&port=9091&clusterName=DEFAULT&ip=192.168.190.1&serviceName=DEFAULT_GROUP%40%40auth-server&encoding=UTF-8 HTTP/1.1" 200 75 3 Nacos-Java-Client:v1.2.1
127.0.0.1 - - [15/Jun/2020:17:23:16 +0800] "PUT /nacos/v1/ns/instance/beat?app=unknown&namespaceId=public&port=9091&clusterName=DEFAULT&ip=192.168.190.1&serviceName=DEFAULT_GROUP%40%40auth-server&encoding=UTF-8 HTTP/1.1" 200 75 11 Nacos-Java-Client:v1.2.1
127.0.0.1 - - [15/Jun/2020:17:23:21 +0800] "PUT /nacos/v1/ns/instance/beat?app=unknown&namespaceId=public&port=9091&clusterName=DEFAULT&ip=192.168.190.1&serviceName=DEFAULT_GROUP%40%40auth-server&encoding=UTF-8 HTTP/1.1" 200 75 7 Nacos-Java-Client:v1.2.1
127.0.0.1 - - [15/Jun/2020:17:23:26 +0800] "PUT /nacos/v1/ns/instance/beat?app=unknown&namespaceId=public&port=9091&clusterName=DEFAULT&ip=192.168.190.1&serviceName=DEFAULT_GROUP%40%40auth-server&encoding=UTF-8 HTTP/1.1" 200 75 24 Nacos-Java-Client:v1.2.1
127.0.0.1 - - [15/Jun/2020:17:23:31 +0800] "PUT /nacos/v1/ns/instance/beat?app=unknown&namespaceId=public&port=9091&clusterName=DEFAULT&ip=192.168.190.1&serviceName=DEFAULT_GROUP%40%40auth-server&encoding=UTF-8 HTTP/1.1" 200 75 9 Nacos-Java-Client:v1.2.1
127.0.0.1 - - [15/Jun/2020:17:23:36 +0800] "PUT /nacos/v1/ns/instance/beat?app=unknown&namespaceId=public&port=9091&clusterName=DEFAULT&ip=192.168.190.1&serviceName=DEFAULT_GROUP%40%40auth-server&encoding=UTF-8 HTTP/1.1" 200 75 3 Nacos-Java-Client:v1.2.1
127.0.0.1 - - [15/Jun/2020:17:23:41 +0800] "PUT /nacos/v1/ns/instance/beat?app=unknown&namespaceId=public&port=9091&clusterName=DEFAULT&ip=192.168.190.1&serviceName=DEFAULT_GROUP%40%40auth-server&encoding=UTF-8 HTTP/1.1" 200 75 29 Nacos-Java-Client:v1.2.1
127.0.0.1 - - [15/Jun/2020:17:23:46 +0800] "PUT /nacos/v1/ns/instance/beat?app=unknown&namespaceId=public&port=9091&clusterName=DEFAULT&ip=192.168.190.1&serviceName=DEFAULT_GROUP%40%40auth-server&encoding=UTF-8 HTTP/1.1" 200 75 2 Nacos-Java-Client:v1.2.1
127.0.0.1 - - [15/Jun/2020:17:23:51 +0800] "PUT /nacos/v1/ns/instance/beat?app=unknown&namespaceId=public&port=9091&clusterName=DEFAULT&ip=192.168.190.1&serviceName=DEFAULT_GROUP%40%40auth-server&encoding=UTF-8 HTTP/1.1" 200 75 21 Nacos-Java-Client:v1.2.1
127.0.0.1 - - [15/Jun/2020:17:23:56 +0800] "PUT /nacos/v1/ns/instance/beat?app=unknown&namespaceId=public&port=9091&clusterName=DEFAULT&ip=192.168.190.1&serviceName=DEFAULT_GROUP%40%40auth-server&encoding=UTF-8 HTTP/1.1" 200 75 24 Nacos-Java-Client:v1.2.1
127.0.0.1 - - [15/Jun/2020:17:24:01 +0800] "PUT /nacos/v1/ns/instance/beat?app=unknown&namespaceId=public&port=9091&clusterName=DEFAULT&ip=192.168.190.1&serviceName=DEFAULT_GROUP%40%40auth-server&encoding=UTF-8 HTTP/1.1" 200 75 24 Nacos-Java-Client:v1.2.1
127.0.0.1 - - [15/Jun/2020:17:24:20 +0800] "POST /nacos/v1/ns/instance?app=unknown&metadata=%7B%22preserved.register.source%22%3A%22SPRING_CLOUD%22%7D&ip=192.168.190.1&weight=1.0&ephemeral=true&serviceName=DEFAULT_GROUP%40%40auth-server&encoding=UTF-8&groupName=DEFAULT_GROUP&namespaceId=public&port=9091&enable=true&healthy=true&clusterName=DEFAULT HTTP/1.1" 200 2 12 Nacos-Java-Client:v1.2.1
127.0.0.1 - - [15/Jun/2020:17:24:25 +0800] "PUT /nacos/v1/ns/instance/beat?app=unknown&namespaceId=public&port=9091&clusterName=DEFAULT&ip=192.168.190.1&serviceName=DEFAULT_GROUP%40%40auth-server&encoding=UTF-8 HTTP/1.1" 200 75 7 Nacos-Java-Client:v1.2.1
127.0.0.1 - - [15/Jun/2020:17:24:30 +0800] "PUT /nacos/v1/ns/instance/beat?app=unknown&namespaceId=public&port=9091&clusterName=DEFAULT&ip=192.168.190.1&serviceName=DEFAULT_GROUP%40%40auth-server&encoding=UTF-8 HTTP/1.1" 200 75 41 Nacos-Java-Client:v1.2.1
127.0.0.1 - - [15/Jun/2020:17:24:35 +0800] "PUT /nacos/v1/ns/instance/beat?app=unknown&namespaceId=public&port=9091&clusterName=DEFAULT&ip=192.168.190.1&serviceName=DEFAULT_GROUP%40%40auth-server&encoding=UTF-8 HTTP/1.1" 200 75 4 Nacos-Java-Client:v1.2.1
127.0.0.1 - - [15/Jun/2020:17:24:41 +0800] "PUT /nacos/v1/ns/instance/beat?app=unknown&namespaceId=public&port=9091&clusterName=DEFAULT&ip=192.168.190.1&serviceName=DEFAULT_GROUP%40%40auth-server&encoding=UTF-8 HTTP/1.1" 200 75 548 Nacos-Java-Client:v1.2.1
127.0.0.1 - - [15/Jun/2020:17:24:46 +0800] "PUT /nacos/v1/ns/instance/beat?app=unknown&namespaceId=public&port=9091&clusterName=DEFAULT&ip=192.168.190.1&serviceName=DEFAULT_GROUP%40%40auth-server&encoding=UTF-8 HTTP/1.1" 200 75 111 Nacos-Java-Client:v1.2.1
127.0.0.1 - - [15/Jun/2020:17:24:51 +0800] "PUT /nacos/v1/ns/instance/beat?app=unknown&namespaceId=public&port=9091&clusterName=DEFAULT&ip=192.168.190.1&serviceName=DEFAULT_GROUP%40%40auth-server&encoding=UTF-8 HTTP/1.1" 200 75 26 Nacos-Java-Client:v1.2.1
127.0.0.1 - - [15/Jun/2020:17:25:09 +0800] "POST /nacos/v1/ns/instance?app=unknown&metadata=%7B%22preserved.register.source%22%3A%22SPRING_CLOUD%22%7D&ip=192.168.190.1&weight=1.0&ephemeral=true&serviceName=DEFAULT_GROUP%40%40auth-server&encoding=UTF-8&groupName=DEFAULT_GROUP&namespaceId=public&port=9091&enable=true&healthy=true&clusterName=DEFAULT HTTP/1.1" 200 2 38 Nacos-Java-Client:v1.2.1
127.0.0.1 - - [15/Jun/2020:17:25:14 +0800] "PUT /nacos/v1/ns/instance/beat?app=unknown&namespaceId=public&port=9091&clusterName=DEFAULT&ip=192.168.190.1&serviceName=DEFAULT_GROUP%40%40auth-server&encoding=UTF-8 HTTP/1.1" 200 75 16 Nacos-Java-Client:v1.2.1
127.0.0.1 - - [15/Jun/2020:17:25:19 +0800] "PUT /nacos/v1/ns/instance/beat?app=unknown&namespaceId=public&port=9091&clusterName=DEFAULT&ip=192.168.190.1&serviceName=DEFAULT_GROUP%40%40auth-server&encoding=UTF-8 HTTP/1.1" 200 75 21 Nacos-Java-Client:v1.2.1
127.0.0.1 - - [15/Jun/2020:17:25:24 +0800] "PUT /nacos/v1/ns/instance/beat?app=unknown&namespaceId=public&port=9091&clusterName=DEFAULT&ip=192.168.190.1&serviceName=DEFAULT_GROUP%40%40auth-server&encoding=UTF-8 HTTP/1.1" 200 75 35 Nacos-Java-Client:v1.2.1
127.0.0.1 - - [15/Jun/2020:17:25:29 +0800] "PUT /nacos/v1/ns/instance/beat?app=unknown&namespaceId=public&port=9091&clusterName=DEFAULT&ip=192.168.190.1&serviceName=DEFAULT_GROUP%40%40auth-server&encoding=UTF-8 HTTP/1.1" 200 75 18 Nacos-Java-Client:v1.2.1
127.0.0.1 - - [15/Jun/2020:17:25:31 +0800] "GET /nacos/v1/ns/service/list?app=unknown&pageSize=2147483647&groupName=DEFAULT_GROUP&encoding=UTF-8&namespaceId=public&pageNo=1 HTTP/1.1" 200 45 176 Nacos-Java-Client:v1.2.1
127.0.0.1 - - [15/Jun/2020:17:25:34 +0800] "PUT /nacos/v1/ns/instance/beat?app=unknown&namespaceId=public&port=9091&clusterName=DEFAULT&ip=192.168.190.1&serviceName=DEFAULT_GROUP%40%40auth-server&encoding=UTF-8 HTTP/1.1" 200 75 3 Nacos-Java-Client:v1.2.1
127.0.0.1 - - [15/Jun/2020:17:25:39 +0800] "PUT /nacos/v1/ns/instance/beat?app=unknown&namespaceId=public&port=9091&clusterName=DEFAULT&ip=192.168.190.1&serviceName=DEFAULT_GROUP%40%40auth-server&encoding=UTF-8 HTTP/1.1" 200 75 3 Nacos-Java-Client:v1.2.1
0:0:0:0:0:0:0:1 - - [15/Jun/2020:17:25:40 +0800] "GET /nacos/v1/ns/catalog/services?hasIpCount=true&withInstances=false&pageNo=1&pageSize=10&serviceNameParam=&groupNameParam=&accessToken=eyJhbGciOiJIUzI1NiJ9.eyJzdWIiOiJuYWNvcyIsImV4cCI6MTU5MjIyMjYxOH0.Qp-V2RBSZUipAu9VxQ6R4DHX-qY1Czn-stEnGggEOMU&namespaceId= HTTP/1.1" 200 165 25 Mozilla/5.0 (Windows NT 10.0; Win64; x64) AppleWebKit/537.36 (KHTML, like Gecko) Chrome/83.0.4103.97 Safari/537.36 Edg/83.0.478.45
0:0:0:0:0:0:0:1 - - [15/Jun/2020:17:25:40 +0800] "GET /nacos/console-fe/public/min-maps/vs/base/worker/workerMain.js.map HTTP/1.1" 404 197 167 Mozilla/5.0 (Windows NT 10.0; Win64; x64) AppleWebKit/537.36 (KHTML, like Gecko) Chrome/83.0.4103.97 Safari/537.36 Edg/83.0.478.45
0:0:0:0:0:0:0:1 - - [15/Jun/2020:17:25:42 +0800] "GET /nacos/v1/cs/configs?dataId=&group=&appName=&config_tags=&pageNo=1&pageSize=10&tenant=&search=accurate&accessToken=eyJhbGciOiJIUzI1NiJ9.eyJzdWIiOiJuYWNvcyIsImV4cCI6MTU5MjIyMjYxOH0.Qp-V2RBSZUipAu9VxQ6R4DHX-qY1Czn-stEnGggEOMU HTTP/1.1" 200 76 14 Mozilla/5.0 (Windows NT 10.0; Win64; x64) AppleWebKit/537.36 (KHTML, like Gecko) Chrome/83.0.4103.97 Safari/537.36 Edg/83.0.478.45
127.0.0.1 - - [15/Jun/2020:17:25:44 +0800] "PUT /nacos/v1/ns/instance/beat?app=unknown&namespaceId=public&port=9091&clusterName=DEFAULT&ip=192.168.190.1&serviceName=DEFAULT_GROUP%40%40auth-server&encoding=UTF-8 HTTP/1.1" 200 75 21 Nacos-Java-Client:v1.2.1
0:0:0:0:0:0:0:1 - - [15/Jun/2020:17:25:47 +0800] "GET /nacos/console-fe/public/min-maps/vs/base/worker/workerMain.js.map HTTP/1.1" 404 197 310 Mozilla/5.0 (Windows NT 10.0; Win64; x64) AppleWebKit/537.36 (KHTML, like Gecko) Chrome/83.0.4103.97 Safari/537.36 Edg/83.0.478.45
127.0.0.1 - - [15/Jun/2020:17:25:49 +0800] "PUT /nacos/v1/ns/instance/beat?app=unknown&namespaceId=public&port=9091&clusterName=DEFAULT&ip=192.168.190.1&serviceName=DEFAULT_GROUP%40%40auth-server&encoding=UTF-8 HTTP/1.1" 200 75 26 Nacos-Java-Client:v1.2.1
127.0.0.1 - - [15/Jun/2020:17:25:54 +0800] "PUT /nacos/v1/ns/instance/beat?app=unknown&namespaceId=public&port=9091&clusterName=DEFAULT&ip=192.168.190.1&serviceName=DEFAULT_GROUP%40%40auth-server&encoding=UTF-8 HTTP/1.1" 200 75 84 Nacos-Java-Client:v1.2.1
127.0.0.1 - - [15/Jun/2020:17:25:59 +0800] "PUT /nacos/v1/ns/instance/beat?app=unknown&namespaceId=public&port=9091&clusterName=DEFAULT&ip=192.168.190.1&serviceName=DEFAULT_GROUP%40%40auth-server&encoding=UTF-8 HTTP/1.1" 200 75 40 Nacos-Java-Client:v1.2.1
127.0.0.1 - - [15/Jun/2020:17:26:04 +0800] "PUT /nacos/v1/ns/instance/beat?app=unknown&namespaceId=public&port=9091&clusterName=DEFAULT&ip=192.168.190.1&serviceName=DEFAULT_GROUP%40%40auth-server&encoding=UTF-8 HTTP/1.1" 200 75 6 Nacos-Java-Client:v1.2.1
127.0.0.1 - - [15/Jun/2020:17:26:09 +0800] "PUT /nacos/v1/ns/instance/beat?app=unknown&namespaceId=public&port=9091&clusterName=DEFAULT&ip=192.168.190.1&serviceName=DEFAULT_GROUP%40%40auth-server&encoding=UTF-8 HTTP/1.1" 200 75 10 Nacos-Java-Client:v1.2.1
127.0.0.1 - - [15/Jun/2020:17:26:14 +0800] "PUT /nacos/v1/ns/instance/beat?app=unknown&namespaceId=public&port=9091&clusterName=DEFAULT&ip=192.168.190.1&serviceName=DEFAULT_GROUP%40%40auth-server&encoding=UTF-8 HTTP/1.1" 200 75 4 Nacos-Java-Client:v1.2.1
127.0.0.1 - - [15/Jun/2020:17:26:19 +0800] "PUT /nacos/v1/ns/instance/beat?app=unknown&namespaceId=public&port=9091&clusterName=DEFAULT&ip=192.168.190.1&serviceName=DEFAULT_GROUP%40%40auth-server&encoding=UTF-8 HTTP/1.1" 200 75 33 Nacos-Java-Client:v1.2.1
127.0.0.1 - - [15/Jun/2020:17:26:25 +0800] "PUT /nacos/v1/ns/instance/beat?app=unknown&namespaceId=public&port=9091&clusterName=DEFAULT&ip=192.168.190.1&serviceName=DEFAULT_GROUP%40%40auth-server&encoding=UTF-8 HTTP/1.1" 200 75 10 Nacos-Java-Client:v1.2.1
127.0.0.1 - - [15/Jun/2020:17:26:30 +0800] "PUT /nacos/v1/ns/instance/beat?app=unknown&namespaceId=public&port=9091&clusterName=DEFAULT&ip=192.168.190.1&serviceName=DEFAULT_GROUP%40%40auth-server&encoding=UTF-8 HTTP/1.1" 200 75 17 Nacos-Java-Client:v1.2.1
127.0.0.1 - - [15/Jun/2020:17:26:35 +0800] "PUT /nacos/v1/ns/instance/beat?app=unknown&namespaceId=public&port=9091&clusterName=DEFAULT&ip=192.168.190.1&serviceName=DEFAULT_GROUP%40%40auth-server&encoding=UTF-8 HTTP/1.1" 200 75 16 Nacos-Java-Client:v1.2.1
127.0.0.1 - - [15/Jun/2020:17:26:40 +0800] "PUT /nacos/v1/ns/instance/beat?app=unknown&namespaceId=public&port=9091&clusterName=DEFAULT&ip=192.168.190.1&serviceName=DEFAULT_GROUP%40%40auth-server&encoding=UTF-8 HTTP/1.1" 200 75 10 Nacos-Java-Client:v1.2.1
127.0.0.1 - - [15/Jun/2020:17:26:45 +0800] "PUT /nacos/v1/ns/instance/beat?app=unknown&namespaceId=public&port=9091&clusterName=DEFAULT&ip=192.168.190.1&serviceName=DEFAULT_GROUP%40%40auth-server&encoding=UTF-8 HTTP/1.1" 200 75 6 Nacos-Java-Client:v1.2.1
127.0.0.1 - - [15/Jun/2020:17:26:50 +0800] "PUT /nacos/v1/ns/instance/beat?app=unknown&namespaceId=public&port=9091&clusterName=DEFAULT&ip=192.168.190.1&serviceName=DEFAULT_GROUP%40%40auth-server&encoding=UTF-8 HTTP/1.1" 200 75 5 Nacos-Java-Client:v1.2.1
127.0.0.1 - - [15/Jun/2020:17:26:55 +0800] "PUT /nacos/v1/ns/instance/beat?app=unknown&namespaceId=public&port=9091&clusterName=DEFAULT&ip=192.168.190.1&serviceName=DEFAULT_GROUP%40%40auth-server&encoding=UTF-8 HTTP/1.1" 200 75 17 Nacos-Java-Client:v1.2.1
127.0.0.1 - - [15/Jun/2020:17:27:00 +0800] "PUT /nacos/v1/ns/instance/beat?app=unknown&namespaceId=public&port=9091&clusterName=DEFAULT&ip=192.168.190.1&serviceName=DEFAULT_GROUP%40%40auth-server&encoding=UTF-8 HTTP/1.1" 200 75 3 Nacos-Java-Client:v1.2.1
127.0.0.1 - - [15/Jun/2020:17:27:05 +0800] "PUT /nacos/v1/ns/instance/beat?app=unknown&namespaceId=public&port=9091&clusterName=DEFAULT&ip=192.168.190.1&serviceName=DEFAULT_GROUP%40%40auth-server&encoding=UTF-8 HTTP/1.1" 200 75 2 Nacos-Java-Client:v1.2.1
127.0.0.1 - - [15/Jun/2020:17:27:10 +0800] "PUT /nacos/v1/ns/instance/beat?app=unknown&namespaceId=public&port=9091&clusterName=DEFAULT&ip=192.168.190.1&serviceName=DEFAULT_GROUP%40%40auth-server&encoding=UTF-8 HTTP/1.1" 200 75 2 Nacos-Java-Client:v1.2.1
0:0:0:0:0:0:0:1 - - [15/Jun/2020:17:27:13 +0800] "GET /nacos/console-fe/public/js/vs/basic-languages/src/yaml.js HTTP/1.1" 200 3869 142 Mozilla/5.0 (Windows NT 10.0; Win64; x64) AppleWebKit/537.36 (KHTML, like Gecko) Chrome/83.0.4103.97 Safari/537.36 Edg/83.0.478.45
127.0.0.1 - - [15/Jun/2020:17:27:15 +0800] "PUT /nacos/v1/ns/instance/beat?app=unknown&namespaceId=public&port=9091&clusterName=DEFAULT&ip=192.168.190.1&serviceName=DEFAULT_GROUP%40%40auth-server&encoding=UTF-8 HTTP/1.1" 200 75 8 Nacos-Java-Client:v1.2.1
0:0:0:0:0:0:0:1 - - [15/Jun/2020:17:27:17 +0800] "GET /nacos/console-fe/public/js/vs/editor/contrib/suggest/browser/media/String_inverse_16x.svg HTTP/1.1" 200 4740 103 Mozilla/5.0 (Windows NT 10.0; Win64; x64) AppleWebKit/537.36 (KHTML, like Gecko) Chrome/83.0.4103.97 Safari/537.36 Edg/83.0.478.45
127.0.0.1 - - [15/Jun/2020:17:27:20 +0800] "PUT /nacos/v1/ns/instance/beat?app=unknown&namespaceId=public&port=9091&clusterName=DEFAULT&ip=192.168.190.1&serviceName=DEFAULT_GROUP%40%40auth-server&encoding=UTF-8 HTTP/1.1" 200 75 2 Nacos-Java-Client:v1.2.1
127.0.0.1 - - [15/Jun/2020:17:27:25 +0800] "PUT /nacos/v1/ns/instance/beat?app=unknown&namespaceId=public&port=9091&clusterName=DEFAULT&ip=192.168.190.1&serviceName=DEFAULT_GROUP%40%40auth-server&encoding=UTF-8 HTTP/1.1" 200 75 2 Nacos-Java-Client:v1.2.1
127.0.0.1 - - [15/Jun/2020:17:27:30 +0800] "PUT /nacos/v1/ns/instance/beat?app=unknown&namespaceId=public&port=9091&clusterName=DEFAULT&ip=192.168.190.1&serviceName=DEFAULT_GROUP%40%40auth-server&encoding=UTF-8 HTTP/1.1" 200 75 11 Nacos-Java-Client:v1.2.1
0:0:0:0:0:0:0:1 - - [15/Jun/2020:17:27:33 +0800] "GET /nacos/v1/cs/configs?&accessToken=eyJhbGciOiJIUzI1NiJ9.eyJzdWIiOiJuYWNvcyIsImV4cCI6MTU5MjIyMjYxOH0.Qp-V2RBSZUipAu9VxQ6R4DHX-qY1Czn-stEnGggEOMU&show=all&dataId=auth-server&group=DEFAULT_GROUP&tenant=&namespaceId= HTTP/1.1" 200 - 268 Mozilla/5.0 (Windows NT 10.0; Win64; x64) AppleWebKit/537.36 (KHTML, like Gecko) Chrome/83.0.4103.97 Safari/537.36 Edg/83.0.478.45
0:0:0:0:0:0:0:1 - - [15/Jun/2020:17:27:34 +0800] "POST /nacos/v1/cs/configs?&accessToken=eyJhbGciOiJIUzI1NiJ9.eyJzdWIiOiJuYWNvcyIsImV4cCI6MTU5MjIyMjYxOH0.Qp-V2RBSZUipAu9VxQ6R4DHX-qY1Czn-stEnGggEOMU HTTP/1.1" 200 14 1108 Mozilla/5.0 (Windows NT 10.0; Win64; x64) AppleWebKit/537.36 (KHTML, like Gecko) Chrome/83.0.4103.97 Safari/537.36 Edg/83.0.478.45
127.0.0.1 - - [15/Jun/2020:17:27:35 +0800] "PUT /nacos/v1/ns/instance/beat?app=unknown&namespaceId=public&port=9091&clusterName=DEFAULT&ip=192.168.190.1&serviceName=DEFAULT_GROUP%40%40auth-server&encoding=UTF-8 HTTP/1.1" 200 75 17 Nacos-Java-Client:v1.2.1
192.168.190.1 - - [15/Jun/2020:17:27:38 +0800] "GET /nacos/v1/cs/communication/dataChange?dataId=auth-server&group=DEFAULT_GROUP HTTP/1.1" 200 14 25 Apache-HttpAsyncClient/4.1.3 (Java/1.8.0_192)
127.0.0.1 - - [15/Jun/2020:17:27:40 +0800] "PUT /nacos/v1/ns/instance/beat?app=unknown&namespaceId=public&port=9091&clusterName=DEFAULT&ip=192.168.190.1&serviceName=DEFAULT_GROUP%40%40auth-server&encoding=UTF-8 HTTP/1.1" 200 75 27 Nacos-Java-Client:v1.2.1
0:0:0:0:0:0:0:1 - - [15/Jun/2020:17:27:40 +0800] "GET /nacos/v1/cs/configs?dataId=&group=&appName=&config_tags=&pageNo=1&pageSize=10&tenant=&search=accurate&accessToken=eyJhbGciOiJIUzI1NiJ9.eyJzdWIiOiJuYWNvcyIsImV4cCI6MTU5MjIyMjYxOH0.Qp-V2RBSZUipAu9VxQ6R4DHX-qY1Czn-stEnGggEOMU HTTP/1.1" 200 253 1698 Mozilla/5.0 (Windows NT 10.0; Win64; x64) AppleWebKit/537.36 (KHTML, like Gecko) Chrome/83.0.4103.97 Safari/537.36 Edg/83.0.478.45
127.0.0.1 - - [15/Jun/2020:17:27:45 +0800] "PUT /nacos/v1/ns/instance/beat?app=unknown&namespaceId=public&port=9091&clusterName=DEFAULT&ip=192.168.190.1&serviceName=DEFAULT_GROUP%40%40auth-server&encoding=UTF-8 HTTP/1.1" 200 75 21 Nacos-Java-Client:v1.2.1
0:0:0:0:0:0:0:1 - - [15/Jun/2020:17:27:47 +0800] "GET /nacos/v1/cs/configs?dataId=&group=&appName=&config_tags=&pageNo=1&pageSize=10&tenant=&search=accurate&accessToken=eyJhbGciOiJIUzI1NiJ9.eyJzdWIiOiJuYWNvcyIsImV4cCI6MTU5MjIyMjYxOH0.Qp-V2RBSZUipAu9VxQ6R4DHX-qY1Czn-stEnGggEOMU HTTP/1.1" 200 253 26 Mozilla/5.0 (Windows NT 10.0; Win64; x64) AppleWebKit/537.36 (KHTML, like Gecko) Chrome/83.0.4103.97 Safari/537.36 Edg/83.0.478.45
127.0.0.1 - - [15/Jun/2020:17:27:50 +0800] "PUT /nacos/v1/ns/instance/beat?app=unknown&namespaceId=public&port=9091&clusterName=DEFAULT&ip=192.168.190.1&serviceName=DEFAULT_GROUP%40%40auth-server&encoding=UTF-8 HTTP/1.1" 200 75 3 Nacos-Java-Client:v1.2.1
127.0.0.1 - - [15/Jun/2020:17:27:55 +0800] "PUT /nacos/v1/ns/instance/beat?app=unknown&namespaceId=public&port=9091&clusterName=DEFAULT&ip=192.168.190.1&serviceName=DEFAULT_GROUP%40%40auth-server&encoding=UTF-8 HTTP/1.1" 200 75 3 Nacos-Java-Client:v1.2.1
127.0.0.1 - - [15/Jun/2020:17:28:00 +0800] "PUT /nacos/v1/ns/instance/beat?app=unknown&namespaceId=public&port=9091&clusterName=DEFAULT&ip=192.168.190.1&serviceName=DEFAULT_GROUP%40%40auth-server&encoding=UTF-8 HTTP/1.1" 200 75 31 Nacos-Java-Client:v1.2.1
127.0.0.1 - - [15/Jun/2020:17:28:05 +0800] "PUT /nacos/v1/ns/instance/beat?app=unknown&namespaceId=public&port=9091&clusterName=DEFAULT&ip=192.168.190.1&serviceName=DEFAULT_GROUP%40%40auth-server&encoding=UTF-8 HTTP/1.1" 200 75 31 Nacos-Java-Client:v1.2.1
127.0.0.1 - - [15/Jun/2020:17:28:10 +0800] "PUT /nacos/v1/ns/instance/beat?app=unknown&namespaceId=public&port=9091&clusterName=DEFAULT&ip=192.168.190.1&serviceName=DEFAULT_GROUP%40%40auth-server&encoding=UTF-8 HTTP/1.1" 200 75 6 Nacos-Java-Client:v1.2.1
127.0.0.1 - - [15/Jun/2020:17:28:15 +0800] "PUT /nacos/v1/ns/instance/beat?app=unknown&namespaceId=public&port=9091&clusterName=DEFAULT&ip=192.168.190.1&serviceName=DEFAULT_GROUP%40%40auth-server&encoding=UTF-8 HTTP/1.1" 200 75 24 Nacos-Java-Client:v1.2.1
127.0.0.1 - - [15/Jun/2020:17:28:20 +0800] "PUT /nacos/v1/ns/instance/beat?app=unknown&namespaceId=public&port=9091&clusterName=DEFAULT&ip=192.168.190.1&serviceName=DEFAULT_GROUP%40%40auth-server&encoding=UTF-8 HTTP/1.1" 200 75 27 Nacos-Java-Client:v1.2.1
127.0.0.1 - - [15/Jun/2020:17:28:25 +0800] "PUT /nacos/v1/ns/instance/beat?app=unknown&namespaceId=public&port=9091&clusterName=DEFAULT&ip=192.168.190.1&serviceName=DEFAULT_GROUP%40%40auth-server&encoding=UTF-8 HTTP/1.1" 200 75 6 Nacos-Java-Client:v1.2.1
127.0.0.1 - - [15/Jun/2020:17:28:30 +0800] "PUT /nacos/v1/ns/instance/beat?app=unknown&namespaceId=public&port=9091&clusterName=DEFAULT&ip=192.168.190.1&serviceName=DEFAULT_GROUP%40%40auth-server&encoding=UTF-8 HTTP/1.1" 200 75 5 Nacos-Java-Client:v1.2.1
127.0.0.1 - - [15/Jun/2020:17:28:35 +0800] "PUT /nacos/v1/ns/instance/beat?app=unknown&namespaceId=public&port=9091&clusterName=DEFAULT&ip=192.168.190.1&serviceName=DEFAULT_GROUP%40%40auth-server&encoding=UTF-8 HTTP/1.1" 200 75 14 Nacos-Java-Client:v1.2.1
127.0.0.1 - - [15/Jun/2020:17:28:40 +0800] "PUT /nacos/v1/ns/instance/beat?app=unknown&namespaceId=public&port=9091&clusterName=DEFAULT&ip=192.168.190.1&serviceName=DEFAULT_GROUP%40%40auth-server&encoding=UTF-8 HTTP/1.1" 200 75 6 Nacos-Java-Client:v1.2.1
127.0.0.1 - - [15/Jun/2020:17:28:45 +0800] "PUT /nacos/v1/ns/instance/beat?app=unknown&namespaceId=public&port=9091&clusterName=DEFAULT&ip=192.168.190.1&serviceName=DEFAULT_GROUP%40%40auth-server&encoding=UTF-8 HTTP/1.1" 200 75 6 Nacos-Java-Client:v1.2.1
127.0.0.1 - - [15/Jun/2020:17:28:50 +0800] "PUT /nacos/v1/ns/instance/beat?app=unknown&namespaceId=public&port=9091&clusterName=DEFAULT&ip=192.168.190.1&serviceName=DEFAULT_GROUP%40%40auth-server&encoding=UTF-8 HTTP/1.1" 200 75 21 Nacos-Java-Client:v1.2.1
127.0.0.1 - - [15/Jun/2020:17:28:55 +0800] "PUT /nacos/v1/ns/instance/beat?app=unknown&namespaceId=public&port=9091&clusterName=DEFAULT&ip=192.168.190.1&serviceName=DEFAULT_GROUP%40%40auth-server&encoding=UTF-8 HTTP/1.1" 200 75 24 Nacos-Java-Client:v1.2.1
127.0.0.1 - - [15/Jun/2020:17:29:00 +0800] "PUT /nacos/v1/ns/instance/beat?app=unknown&namespaceId=public&port=9091&clusterName=DEFAULT&ip=192.168.190.1&serviceName=DEFAULT_GROUP%40%40auth-server&encoding=UTF-8 HTTP/1.1" 200 75 32 Nacos-Java-Client:v1.2.1
127.0.0.1 - - [15/Jun/2020:17:29:05 +0800] "PUT /nacos/v1/ns/instance/beat?app=unknown&namespaceId=public&port=9091&clusterName=DEFAULT&ip=192.168.190.1&serviceName=DEFAULT_GROUP%40%40auth-server&encoding=UTF-8 HTTP/1.1" 200 75 15 Nacos-Java-Client:v1.2.1
127.0.0.1 - - [15/Jun/2020:17:29:10 +0800] "PUT /nacos/v1/ns/instance/beat?app=unknown&namespaceId=public&port=9091&clusterName=DEFAULT&ip=192.168.190.1&serviceName=DEFAULT_GROUP%40%40auth-server&encoding=UTF-8 HTTP/1.1" 200 75 22 Nacos-Java-Client:v1.2.1
127.0.0.1 - - [15/Jun/2020:17:29:15 +0800] "PUT /nacos/v1/ns/instance/beat?app=unknown&namespaceId=public&port=9091&clusterName=DEFAULT&ip=192.168.190.1&serviceName=DEFAULT_GROUP%40%40auth-server&encoding=UTF-8 HTTP/1.1" 200 75 22 Nacos-Java-Client:v1.2.1
127.0.0.1 - - [15/Jun/2020:17:29:20 +0800] "PUT /nacos/v1/ns/instance/beat?app=unknown&namespaceId=public&port=9091&clusterName=DEFAULT&ip=192.168.190.1&serviceName=DEFAULT_GROUP%40%40auth-server&encoding=UTF-8 HTTP/1.1" 200 75 22 Nacos-Java-Client:v1.2.1
127.0.0.1 - - [15/Jun/2020:17:29:25 +0800] "PUT /nacos/v1/ns/instance/beat?app=unknown&namespaceId=public&port=9091&clusterName=DEFAULT&ip=192.168.190.1&serviceName=DEFAULT_GROUP%40%40auth-server&encoding=UTF-8 HTTP/1.1" 200 75 17 Nacos-Java-Client:v1.2.1
127.0.0.1 - - [15/Jun/2020:17:29:30 +0800] "PUT /nacos/v1/ns/instance/beat?app=unknown&namespaceId=public&port=9091&clusterName=DEFAULT&ip=192.168.190.1&serviceName=DEFAULT_GROUP%40%40auth-server&encoding=UTF-8 HTTP/1.1" 200 75 5 Nacos-Java-Client:v1.2.1
127.0.0.1 - - [15/Jun/2020:17:29:35 +0800] "PUT /nacos/v1/ns/instance/beat?app=unknown&namespaceId=public&port=9091&clusterName=DEFAULT&ip=192.168.190.1&serviceName=DEFAULT_GROUP%40%40auth-server&encoding=UTF-8 HTTP/1.1" 200 75 3 Nacos-Java-Client:v1.2.1
127.0.0.1 - - [15/Jun/2020:17:29:40 +0800] "PUT /nacos/v1/ns/instance/beat?app=unknown&namespaceId=public&port=9091&clusterName=DEFAULT&ip=192.168.190.1&serviceName=DEFAULT_GROUP%40%40auth-server&encoding=UTF-8 HTTP/1.1" 200 75 5 Nacos-Java-Client:v1.2.1
127.0.0.1 - - [15/Jun/2020:17:29:45 +0800] "PUT /nacos/v1/ns/instance/beat?app=unknown&namespaceId=public&port=9091&clusterName=DEFAULT&ip=192.168.190.1&serviceName=DEFAULT_GROUP%40%40auth-server&encoding=UTF-8 HTTP/1.1" 200 75 22 Nacos-Java-Client:v1.2.1
127.0.0.1 - - [15/Jun/2020:17:29:50 +0800] "PUT /nacos/v1/ns/instance/beat?app=unknown&namespaceId=public&port=9091&clusterName=DEFAULT&ip=192.168.190.1&serviceName=DEFAULT_GROUP%40%40auth-server&encoding=UTF-8 HTTP/1.1" 200 75 12 Nacos-Java-Client:v1.2.1
0:0:0:0:0:0:0:1 - - [15/Jun/2020:17:29:50 +0800] "GET /nacos/v1/cs/configs?show=all&dataId=auth-server&group=DEFAULT_GROUP&tenant=&accessToken=eyJhbGciOiJIUzI1NiJ9.eyJzdWIiOiJuYWNvcyIsImV4cCI6MTU5MjIyMjYxOH0.Qp-V2RBSZUipAu9VxQ6R4DHX-qY1Czn-stEnGggEOMU&namespaceId= HTTP/1.1" 200 409 115 Mozilla/5.0 (Windows NT 10.0; Win64; x64) AppleWebKit/537.36 (KHTML, like Gecko) Chrome/83.0.4103.97 Safari/537.36 Edg/83.0.478.45
0:0:0:0:0:0:0:1 - - [15/Jun/2020:17:29:54 +0800] "GET /nacos/v1/cs/configs?dataId=&group=&appName=&config_tags=&pageNo=1&pageSize=10&tenant=&search=accurate&accessToken=eyJhbGciOiJIUzI1NiJ9.eyJzdWIiOiJuYWNvcyIsImV4cCI6MTU5MjIyMjYxOH0.Qp-V2RBSZUipAu9VxQ6R4DHX-qY1Czn-stEnGggEOMU HTTP/1.1" 200 253 55 Mozilla/5.0 (Windows NT 10.0; Win64; x64) AppleWebKit/537.36 (KHTML, like Gecko) Chrome/83.0.4103.97 Safari/537.36 Edg/83.0.478.45
127.0.0.1 - - [15/Jun/2020:17:29:55 +0800] "PUT /nacos/v1/ns/instance/beat?app=unknown&namespaceId=public&port=9091&clusterName=DEFAULT&ip=192.168.190.1&serviceName=DEFAULT_GROUP%40%40auth-server&encoding=UTF-8 HTTP/1.1" 200 75 57 Nacos-Java-Client:v1.2.1
0:0:0:0:0:0:0:1 - - [15/Jun/2020:17:29:55 +0800] "GET /nacos/v1/cs/configs?dataId=auth-server&group=DEFAULT_GROUP&namespaceId=&tenant=&beta=true&accessToken=eyJhbGciOiJIUzI1NiJ9.eyJzdWIiOiJuYWNvcyIsImV4cCI6MTU5MjIyMjYxOH0.Qp-V2RBSZUipAu9VxQ6R4DHX-qY1Czn-stEnGggEOMU HTTP/1.1" 200 60 138 Mozilla/5.0 (Windows NT 10.0; Win64; x64) AppleWebKit/537.36 (KHTML, like Gecko) Chrome/83.0.4103.97 Safari/537.36 Edg/83.0.478.45
0:0:0:0:0:0:0:1 - - [15/Jun/2020:17:29:55 +0800] "GET /nacos/v1/cs/configs?dataId=auth-server&group=DEFAULT_GROUP&namespaceId=&tenant=&show=all&accessToken=eyJhbGciOiJIUzI1NiJ9.eyJzdWIiOiJuYWNvcyIsImV4cCI6MTU5MjIyMjYxOH0.Qp-V2RBSZUipAu9VxQ6R4DHX-qY1Czn-stEnGggEOMU HTTP/1.1" 200 409 15 Mozilla/5.0 (Windows NT 10.0; Win64; x64) AppleWebKit/537.36 (KHTML, like Gecko) Chrome/83.0.4103.97 Safari/537.36 Edg/83.0.478.45
0:0:0:0:0:0:0:1 - - [15/Jun/2020:17:29:56 +0800] "GET /nacos/console-fe/public/min-maps/vs/base/worker/workerMain.js.map HTTP/1.1" 404 197 186 Mozilla/5.0 (Windows NT 10.0; Win64; x64) AppleWebKit/537.36 (KHTML, like Gecko) Chrome/83.0.4103.97 Safari/537.36 Edg/83.0.478.45
127.0.0.1 - - [15/Jun/2020:17:30:00 +0800] "PUT /nacos/v1/ns/instance/beat?app=unknown&namespaceId=public&port=9091&clusterName=DEFAULT&ip=192.168.190.1&serviceName=DEFAULT_GROUP%40%40auth-server&encoding=UTF-8 HTTP/1.1" 200 75 65 Nacos-Java-Client:v1.2.1
0:0:0:0:0:0:0:1 - - [15/Jun/2020:17:30:03 +0800] "GET /nacos/v1/cs/configs?dataId=&group=&appName=&config_tags=&pageNo=1&pageSize=10&tenant=&search=accurate&accessToken=eyJhbGciOiJIUzI1NiJ9.eyJzdWIiOiJuYWNvcyIsImV4cCI6MTU5MjIyMjYxOH0.Qp-V2RBSZUipAu9VxQ6R4DHX-qY1Czn-stEnGggEOMU HTTP/1.1" 200 253 19 Mozilla/5.0 (Windows NT 10.0; Win64; x64) AppleWebKit/537.36 (KHTML, like Gecko) Chrome/83.0.4103.97 Safari/537.36 Edg/83.0.478.45
127.0.0.1 - - [15/Jun/2020:17:30:05 +0800] "PUT /nacos/v1/ns/instance/beat?app=unknown&namespaceId=public&port=9091&clusterName=DEFAULT&ip=192.168.190.1&serviceName=DEFAULT_GROUP%40%40auth-server&encoding=UTF-8 HTTP/1.1" 200 75 31 Nacos-Java-Client:v1.2.1
0:0:0:0:0:0:0:1 - - [15/Jun/2020:17:30:06 +0800] "DELETE /nacos/v1/cs/configs?dataId=auth-server&group=DEFAULT_GROUP&tenant=&accessToken=eyJhbGciOiJIUzI1NiJ9.eyJzdWIiOiJuYWNvcyIsImV4cCI6MTU5MjIyMjYxOH0.Qp-V2RBSZUipAu9VxQ6R4DHX-qY1Czn-stEnGggEOMU HTTP/1.1" 200 14 283 Mozilla/5.0 (Windows NT 10.0; Win64; x64) AppleWebKit/537.36 (KHTML, like Gecko) Chrome/83.0.4103.97 Safari/537.36 Edg/83.0.478.45
0:0:0:0:0:0:0:1 - - [15/Jun/2020:17:30:07 +0800] "GET /nacos/v1/cs/configs?dataId=&group=&appName=&config_tags=&pageNo=1&pageSize=10&tenant=&search=accurate&accessToken=eyJhbGciOiJIUzI1NiJ9.eyJzdWIiOiJuYWNvcyIsImV4cCI6MTU5MjIyMjYxOH0.Qp-V2RBSZUipAu9VxQ6R4DHX-qY1Czn-stEnGggEOMU HTTP/1.1" 200 76 4 Mozilla/5.0 (Windows NT 10.0; Win64; x64) AppleWebKit/537.36 (KHTML, like Gecko) Chrome/83.0.4103.97 Safari/537.36 Edg/83.0.478.45
127.0.0.1 - - [15/Jun/2020:17:30:10 +0800] "PUT /nacos/v1/ns/instance/beat?app=unknown&namespaceId=public&port=9091&clusterName=DEFAULT&ip=192.168.190.1&serviceName=DEFAULT_GROUP%40%40auth-server&encoding=UTF-8 HTTP/1.1" 200 75 8 Nacos-Java-Client:v1.2.1
127.0.0.1 - - [15/Jun/2020:17:30:15 +0800] "PUT /nacos/v1/ns/instance/beat?app=unknown&namespaceId=public&port=9091&clusterName=DEFAULT&ip=192.168.190.1&serviceName=DEFAULT_GROUP%40%40auth-server&encoding=UTF-8 HTTP/1.1" 200 75 44 Nacos-Java-Client:v1.2.1
127.0.0.1 - - [15/Jun/2020:17:30:21 +0800] "PUT /nacos/v1/ns/instance/beat?app=unknown&namespaceId=public&port=9091&clusterName=DEFAULT&ip=192.168.190.1&serviceName=DEFAULT_GROUP%40%40auth-server&encoding=UTF-8 HTTP/1.1" 200 75 23 Nacos-Java-Client:v1.2.1
127.0.0.1 - - [15/Jun/2020:17:30:26 +0800] "PUT /nacos/v1/ns/instance/beat?app=unknown&namespaceId=public&port=9091&clusterName=DEFAULT&ip=192.168.190.1&serviceName=DEFAULT_GROUP%40%40auth-server&encoding=UTF-8 HTTP/1.1" 200 75 34 Nacos-Java-Client:v1.2.1
127.0.0.1 - - [15/Jun/2020:17:30:31 +0800] "PUT /nacos/v1/ns/instance/beat?app=unknown&namespaceId=public&port=9091&clusterName=DEFAULT&ip=192.168.190.1&serviceName=DEFAULT_GROUP%40%40auth-server&encoding=UTF-8 HTTP/1.1" 200 75 13 Nacos-Java-Client:v1.2.1
