0:0:0:0:0:0:0:1 - - [15/Jun/2020:17:02:18 +0800] "GET /nacos/v1/ns/catalog/services?hasIpCount=false&withInstances=false&pageNo=1&pageSize=10&serviceNameParam=&groupNameParam=&accessToken=eyJhbGciOiJIUzI1NiJ9.eyJzdWIiOiJuYWNvcyIsImV4cCI6MTU5MjIyMjYxOH0.Qp-V2RBSZUipAu9VxQ6R4DHX-qY1Czn-stEnGggEOMU&namespaceId= HTTP/1.1" 200 39 5 Mozilla/5.0 (Windows NT 10.0; Win64; x64) AppleWebKit/537.36 (KHTML, like Gecko) Chrome/83.0.4103.97 Safari/537.36 Edg/83.0.478.45
0:0:0:0:0:0:0:1 - - [15/Jun/2020:17:02:18 +0800] "GET /nacos/v1/ns/catalog/services?hasIpCount=false&withInstances=false&pageNo=1&pageSize=10&serviceNameParam=&groupNameParam=&accessToken=eyJhbGciOiJIUzI1NiJ9.eyJzdWIiOiJuYWNvcyIsImV4cCI6MTU5MjIyMjYxOH0.Qp-V2RBSZUipAu9VxQ6R4DHX-qY1Czn-stEnGggEOMU&namespaceId= HTTP/1.1" 200 39 3 Mozilla/5.0 (Windows NT 10.0; Win64; x64) AppleWebKit/537.36 (KHTML, like Gecko) Chrome/83.0.4103.97 Safari/537.36 Edg/83.0.478.45
0:0:0:0:0:0:0:1 - - [15/Jun/2020:17:03:44 +0800] "GET /nacos/ HTTP/1.1" 304 - 31 Mozilla/5.0 (Windows NT 10.0; Win64; x64) AppleWebKit/537.36 (KHTML, like Gecko) Chrome/83.0.4103.97 Safari/537.36 Edg/83.0.478.45
0:0:0:0:0:0:0:1 - - [15/Jun/2020:17:03:44 +0800] "GET /nacos/v1/console/namespaces?&accessToken=eyJhbGciOiJIUzI1NiJ9.eyJzdWIiOiJuYWNvcyIsImV4cCI6MTU5MjIyMjYxOH0.Qp-V2RBSZUipAu9VxQ6R4DHX-qY1Czn-stEnGggEOMU&namespaceId= HTTP/1.1" 200 130 4 Mozilla/5.0 (Windows NT 10.0; Win64; x64) AppleWebKit/537.36 (KHTML, like Gecko) Chrome/83.0.4103.97 Safari/537.36 Edg/83.0.478.45
0:0:0:0:0:0:0:1 - - [15/Jun/2020:17:03:44 +0800] "GET /nacos/v1/console/server/state?accessToken=eyJhbGciOiJIUzI1NiJ9.eyJzdWIiOiJuYWNvcyIsImV4cCI6MTU5MjIyMjYxOH0.Qp-V2RBSZUipAu9VxQ6R4DHX-qY1Czn-stEnGggEOMU HTTP/1.1" 200 82 3 Mozilla/5.0 (Windows NT 10.0; Win64; x64) AppleWebKit/537.36 (KHTML, like Gecko) Chrome/83.0.4103.97 Safari/537.36 Edg/83.0.478.45
0:0:0:0:0:0:0:1 - - [15/Jun/2020:17:03:44 +0800] "GET /nacos/v1/ns/catalog/services?hasIpCount=false&withInstances=false&pageNo=1&pageSize=10&serviceNameParam=&groupNameParam=&accessToken=eyJhbGciOiJIUzI1NiJ9.eyJzdWIiOiJuYWNvcyIsImV4cCI6MTU5MjIyMjYxOH0.Qp-V2RBSZUipAu9VxQ6R4DHX-qY1Czn-stEnGggEOMU&namespaceId= HTTP/1.1" 200 39 6 Mozilla/5.0 (Windows NT 10.0; Win64; x64) AppleWebKit/537.36 (KHTML, like Gecko) Chrome/83.0.4103.97 Safari/537.36 Edg/83.0.478.45
0:0:0:0:0:0:0:1 - - [15/Jun/2020:17:03:44 +0800] "GET /nacos/console-fe/public/icons/icon-font.woff2 HTTP/1.1" 404 177 73 Mozilla/5.0 (Windows NT 10.0; Win64; x64) AppleWebKit/537.36 (KHTML, like Gecko) Chrome/83.0.4103.97 Safari/537.36 Edg/83.0.478.45
0:0:0:0:0:0:0:1 - - [15/Jun/2020:17:03:45 +0800] "GET /nacos/console-fe/public/img/favicon.ico HTTP/1.1" 200 4286 29 Mozilla/5.0 (Windows NT 10.0; Win64; x64) AppleWebKit/537.36 (KHTML, like Gecko) Chrome/83.0.4103.97 Safari/537.36 Edg/83.0.478.45
0:0:0:0:0:0:0:1 - - [15/Jun/2020:17:03:48 +0800] "GET /nacos/ HTTP/1.1" 304 - 22 Mozilla/5.0 (Windows NT 10.0; Win64; x64) AppleWebKit/537.36 (KHTML, like Gecko) Chrome/83.0.4103.97 Safari/537.36 Edg/83.0.478.45
0:0:0:0:0:0:0:1 - - [15/Jun/2020:17:03:48 +0800] "GET /nacos/v1/console/namespaces?&accessToken=eyJhbGciOiJIUzI1NiJ9.eyJzdWIiOiJuYWNvcyIsImV4cCI6MTU5MjIyMjYxOH0.Qp-V2RBSZUipAu9VxQ6R4DHX-qY1Czn-stEnGggEOMU&namespaceId= HTTP/1.1" 200 130 3 Mozilla/5.0 (Windows NT 10.0; Win64; x64) AppleWebKit/537.36 (KHTML, like Gecko) Chrome/83.0.4103.97 Safari/537.36 Edg/83.0.478.45
0:0:0:0:0:0:0:1 - - [15/Jun/2020:17:03:48 +0800] "GET /nacos/v1/console/server/state?accessToken=eyJhbGciOiJIUzI1NiJ9.eyJzdWIiOiJuYWNvcyIsImV4cCI6MTU5MjIyMjYxOH0.Qp-V2RBSZUipAu9VxQ6R4DHX-qY1Czn-stEnGggEOMU HTTP/1.1" 200 82 2 Mozilla/5.0 (Windows NT 10.0; Win64; x64) AppleWebKit/537.36 (KHTML, like Gecko) Chrome/83.0.4103.97 Safari/537.36 Edg/83.0.478.45
0:0:0:0:0:0:0:1 - - [15/Jun/2020:17:03:48 +0800] "GET /nacos/v1/ns/catalog/services?hasIpCount=false&withInstances=false&pageNo=1&pageSize=10&serviceNameParam=&groupNameParam=&accessToken=eyJhbGciOiJIUzI1NiJ9.eyJzdWIiOiJuYWNvcyIsImV4cCI6MTU5MjIyMjYxOH0.Qp-V2RBSZUipAu9VxQ6R4DHX-qY1Czn-stEnGggEOMU&namespaceId= HTTP/1.1" 200 39 5 Mozilla/5.0 (Windows NT 10.0; Win64; x64) AppleWebKit/537.36 (KHTML, like Gecko) Chrome/83.0.4103.97 Safari/537.36 Edg/83.0.478.45
0:0:0:0:0:0:0:1 - - [15/Jun/2020:17:03:48 +0800] "GET /nacos/console-fe/public/icons/icon-font.woff2 HTTP/1.1" 404 177 44 Mozilla/5.0 (Windows NT 10.0; Win64; x64) AppleWebKit/537.36 (KHTML, like Gecko) Chrome/83.0.4103.97 Safari/537.36 Edg/83.0.478.45
0:0:0:0:0:0:0:1 - - [15/Jun/2020:17:03:48 +0800] "GET /nacos/console-fe/public/img/favicon.ico HTTP/1.1" 200 4286 20 Mozilla/5.0 (Windows NT 10.0; Win64; x64) AppleWebKit/537.36 (KHTML, like Gecko) Chrome/83.0.4103.97 Safari/537.36 Edg/83.0.478.45
0:0:0:0:0:0:0:1 - - [15/Jun/2020:17:03:50 +0800] "GET /nacos/v1/ns/catalog/services?hasIpCount=false&withInstances=false&pageNo=1&pageSize=10&serviceNameParam=&groupNameParam=&accessToken=eyJhbGciOiJIUzI1NiJ9.eyJzdWIiOiJuYWNvcyIsImV4cCI6MTU5MjIyMjYxOH0.Qp-V2RBSZUipAu9VxQ6R4DHX-qY1Czn-stEnGggEOMU&namespaceId= HTTP/1.1" 200 39 4 Mozilla/5.0 (Windows NT 10.0; Win64; x64) AppleWebKit/537.36 (KHTML, like Gecko) Chrome/83.0.4103.97 Safari/537.36 Edg/83.0.478.45
0:0:0:0:0:0:0:1 - - [15/Jun/2020:17:03:52 +0800] "GET /nacos/v1/ns/catalog/services?hasIpCount=true&withInstances=false&pageNo=1&pageSize=10&serviceNameParam=&groupNameParam=&accessToken=eyJhbGciOiJIUzI1NiJ9.eyJzdWIiOiJuYWNvcyIsImV4cCI6MTU5MjIyMjYxOH0.Qp-V2RBSZUipAu9VxQ6R4DHX-qY1Czn-stEnGggEOMU&namespaceId= HTTP/1.1" 200 39 4 Mozilla/5.0 (Windows NT 10.0; Win64; x64) AppleWebKit/537.36 (KHTML, like Gecko) Chrome/83.0.4103.97 Safari/537.36 Edg/83.0.478.45
0:0:0:0:0:0:0:1 - - [15/Jun/2020:17:03:52 +0800] "GET /nacos/v1/ns/catalog/services?hasIpCount=true&withInstances=false&pageNo=1&pageSize=10&serviceNameParam=&groupNameParam=&accessToken=eyJhbGciOiJIUzI1NiJ9.eyJzdWIiOiJuYWNvcyIsImV4cCI6MTU5MjIyMjYxOH0.Qp-V2RBSZUipAu9VxQ6R4DHX-qY1Czn-stEnGggEOMU&namespaceId= HTTP/1.1" 200 39 3 Mozilla/5.0 (Windows NT 10.0; Win64; x64) AppleWebKit/537.36 (KHTML, like Gecko) Chrome/83.0.4103.97 Safari/537.36 Edg/83.0.478.45
0:0:0:0:0:0:0:1 - - [15/Jun/2020:17:03:53 +0800] "GET /nacos/v1/ns/catalog/services?hasIpCount=true&withInstances=false&pageNo=1&pageSize=10&serviceNameParam=&groupNameParam=&accessToken=eyJhbGciOiJIUzI1NiJ9.eyJzdWIiOiJuYWNvcyIsImV4cCI6MTU5MjIyMjYxOH0.Qp-V2RBSZUipAu9VxQ6R4DHX-qY1Czn-stEnGggEOMU&namespaceId= HTTP/1.1" 200 39 3 Mozilla/5.0 (Windows NT 10.0; Win64; x64) AppleWebKit/537.36 (KHTML, like Gecko) Chrome/83.0.4103.97 Safari/537.36 Edg/83.0.478.45
0:0:0:0:0:0:0:1 - - [15/Jun/2020:17:03:53 +0800] "GET /nacos/v1/ns/catalog/services?hasIpCount=true&withInstances=false&pageNo=1&pageSize=10&serviceNameParam=&groupNameParam=&accessToken=eyJhbGciOiJIUzI1NiJ9.eyJzdWIiOiJuYWNvcyIsImV4cCI6MTU5MjIyMjYxOH0.Qp-V2RBSZUipAu9VxQ6R4DHX-qY1Czn-stEnGggEOMU&namespaceId= HTTP/1.1" 200 39 2 Mozilla/5.0 (Windows NT 10.0; Win64; x64) AppleWebKit/537.36 (KHTML, like Gecko) Chrome/83.0.4103.97 Safari/537.36 Edg/83.0.478.45
0:0:0:0:0:0:0:1 - - [15/Jun/2020:17:03:53 +0800] "GET /nacos/v1/ns/catalog/services?hasIpCount=true&withInstances=false&pageNo=1&pageSize=10&serviceNameParam=&groupNameParam=&accessToken=eyJhbGciOiJIUzI1NiJ9.eyJzdWIiOiJuYWNvcyIsImV4cCI6MTU5MjIyMjYxOH0.Qp-V2RBSZUipAu9VxQ6R4DHX-qY1Czn-stEnGggEOMU&namespaceId= HTTP/1.1" 200 39 3 Mozilla/5.0 (Windows NT 10.0; Win64; x64) AppleWebKit/537.36 (KHTML, like Gecko) Chrome/83.0.4103.97 Safari/537.36 Edg/83.0.478.45
0:0:0:0:0:0:0:1 - - [15/Jun/2020:17:03:55 +0800] "GET /nacos/ HTTP/1.1" 304 - 21 Mozilla/5.0 (Windows NT 10.0; Win64; x64) AppleWebKit/537.36 (KHTML, like Gecko) Chrome/83.0.4103.97 Safari/537.36 Edg/83.0.478.45
0:0:0:0:0:0:0:1 - - [15/Jun/2020:17:03:55 +0800] "GET /nacos/v1/console/namespaces?&accessToken=eyJhbGciOiJIUzI1NiJ9.eyJzdWIiOiJuYWNvcyIsImV4cCI6MTU5MjIyMjYxOH0.Qp-V2RBSZUipAu9VxQ6R4DHX-qY1Czn-stEnGggEOMU&namespaceId= HTTP/1.1" 200 130 3 Mozilla/5.0 (Windows NT 10.0; Win64; x64) AppleWebKit/537.36 (KHTML, like Gecko) Chrome/83.0.4103.97 Safari/537.36 Edg/83.0.478.45
0:0:0:0:0:0:0:1 - - [15/Jun/2020:17:03:55 +0800] "GET /nacos/v1/console/server/state?accessToken=eyJhbGciOiJIUzI1NiJ9.eyJzdWIiOiJuYWNvcyIsImV4cCI6MTU5MjIyMjYxOH0.Qp-V2RBSZUipAu9VxQ6R4DHX-qY1Czn-stEnGggEOMU HTTP/1.1" 200 82 3 Mozilla/5.0 (Windows NT 10.0; Win64; x64) AppleWebKit/537.36 (KHTML, like Gecko) Chrome/83.0.4103.97 Safari/537.36 Edg/83.0.478.45
0:0:0:0:0:0:0:1 - - [15/Jun/2020:17:03:56 +0800] "GET /nacos/console-fe/public/icons/icon-font.woff2 HTTP/1.1" 404 177 50 Mozilla/5.0 (Windows NT 10.0; Win64; x64) AppleWebKit/537.36 (KHTML, like Gecko) Chrome/83.0.4103.97 Safari/537.36 Edg/83.0.478.45
0:0:0:0:0:0:0:1 - - [15/Jun/2020:17:03:56 +0800] "GET /nacos/console-fe/public/img/favicon.ico HTTP/1.1" 200 4286 69 Mozilla/5.0 (Windows NT 10.0; Win64; x64) AppleWebKit/537.36 (KHTML, like Gecko) Chrome/83.0.4103.97 Safari/537.36 Edg/83.0.478.45
0:0:0:0:0:0:0:1 - - [15/Jun/2020:17:04:28 +0800] "GET /nacos/ HTTP/1.1" 304 - 22 Mozilla/5.0 (Windows NT 10.0; Win64; x64) AppleWebKit/537.36 (KHTML, like Gecko) Chrome/83.0.4103.97 Safari/537.36 Edg/83.0.478.45
0:0:0:0:0:0:0:1 - - [15/Jun/2020:17:04:28 +0800] "GET /nacos/v1/console/server/state?accessToken=eyJhbGciOiJIUzI1NiJ9.eyJzdWIiOiJuYWNvcyIsImV4cCI6MTU5MjIyMjYxOH0.Qp-V2RBSZUipAu9VxQ6R4DHX-qY1Czn-stEnGggEOMU HTTP/1.1" 200 82 8 Mozilla/5.0 (Windows NT 10.0; Win64; x64) AppleWebKit/537.36 (KHTML, like Gecko) Chrome/83.0.4103.97 Safari/537.36 Edg/83.0.478.45
0:0:0:0:0:0:0:1 - - [15/Jun/2020:17:04:28 +0800] "GET /nacos/v1/console/namespaces?&accessToken=eyJhbGciOiJIUzI1NiJ9.eyJzdWIiOiJuYWNvcyIsImV4cCI6MTU5MjIyMjYxOH0.Qp-V2RBSZUipAu9VxQ6R4DHX-qY1Czn-stEnGggEOMU&namespaceId= HTTP/1.1" 200 130 63 Mozilla/5.0 (Windows NT 10.0; Win64; x64) AppleWebKit/537.36 (KHTML, like Gecko) Chrome/83.0.4103.97 Safari/537.36 Edg/83.0.478.45
0:0:0:0:0:0:0:1 - - [15/Jun/2020:17:04:28 +0800] "GET /nacos/console-fe/public/icons/icon-font.woff2 HTTP/1.1" 404 177 62 Mozilla/5.0 (Windows NT 10.0; Win64; x64) AppleWebKit/537.36 (KHTML, like Gecko) Chrome/83.0.4103.97 Safari/537.36 Edg/83.0.478.45
0:0:0:0:0:0:0:1 - - [15/Jun/2020:17:04:28 +0800] "GET /nacos/console-fe/public/img/favicon.ico HTTP/1.1" 200 4286 21 Mozilla/5.0 (Windows NT 10.0; Win64; x64) AppleWebKit/537.36 (KHTML, like Gecko) Chrome/83.0.4103.97 Safari/537.36 Edg/83.0.478.45
0:0:0:0:0:0:0:1 - - [15/Jun/2020:17:04:31 +0800] "GET /nacos/v1/ns/catalog/services?hasIpCount=true&withInstances=false&pageNo=1&pageSize=10&serviceNameParam=&groupNameParam=&accessToken=eyJhbGciOiJIUzI1NiJ9.eyJzdWIiOiJuYWNvcyIsImV4cCI6MTU5MjIyMjYxOH0.Qp-V2RBSZUipAu9VxQ6R4DHX-qY1Czn-stEnGggEOMU&namespaceId= HTTP/1.1" 200 39 28 Mozilla/5.0 (Windows NT 10.0; Win64; x64) AppleWebKit/537.36 (KHTML, like Gecko) Chrome/83.0.4103.97 Safari/537.36 Edg/83.0.478.45
0:0:0:0:0:0:0:1 - - [15/Jun/2020:17:04:32 +0800] "GET /nacos/v1/ns/catalog/services?hasIpCount=true&withInstances=false&pageNo=1&pageSize=10&serviceNameParam=&groupNameParam=&accessToken=eyJhbGciOiJIUzI1NiJ9.eyJzdWIiOiJuYWNvcyIsImV4cCI6MTU5MjIyMjYxOH0.Qp-V2RBSZUipAu9VxQ6R4DHX-qY1Czn-stEnGggEOMU&namespaceId= HTTP/1.1" 200 39 3 Mozilla/5.0 (Windows NT 10.0; Win64; x64) AppleWebKit/537.36 (KHTML, like Gecko) Chrome/83.0.4103.97 Safari/537.36 Edg/83.0.478.45
0:0:0:0:0:0:0:1 - - [15/Jun/2020:17:05:38 +0800] "GET /nacos/ HTTP/1.1" 304 - 26 Mozilla/5.0 (Windows NT 10.0; Win64; x64) AppleWebKit/537.36 (KHTML, like Gecko) Chrome/83.0.4103.97 Safari/537.36 Edg/83.0.478.45
0:0:0:0:0:0:0:1 - - [15/Jun/2020:17:05:38 +0800] "GET /nacos/v1/console/namespaces?&accessToken=eyJhbGciOiJIUzI1NiJ9.eyJzdWIiOiJuYWNvcyIsImV4cCI6MTU5MjIyMjYxOH0.Qp-V2RBSZUipAu9VxQ6R4DHX-qY1Czn-stEnGggEOMU&namespaceId= HTTP/1.1" 200 130 5 Mozilla/5.0 (Windows NT 10.0; Win64; x64) AppleWebKit/537.36 (KHTML, like Gecko) Chrome/83.0.4103.97 Safari/537.36 Edg/83.0.478.45
0:0:0:0:0:0:0:1 - - [15/Jun/2020:17:05:38 +0800] "GET /nacos/v1/console/server/state?accessToken=eyJhbGciOiJIUzI1NiJ9.eyJzdWIiOiJuYWNvcyIsImV4cCI6MTU5MjIyMjYxOH0.Qp-V2RBSZUipAu9VxQ6R4DHX-qY1Czn-stEnGggEOMU HTTP/1.1" 200 82 3 Mozilla/5.0 (Windows NT 10.0; Win64; x64) AppleWebKit/537.36 (KHTML, like Gecko) Chrome/83.0.4103.97 Safari/537.36 Edg/83.0.478.45
0:0:0:0:0:0:0:1 - - [15/Jun/2020:17:05:38 +0800] "GET /nacos/v1/ns/catalog/services?hasIpCount=true&withInstances=false&pageNo=1&pageSize=10&serviceNameParam=&groupNameParam=&accessToken=eyJhbGciOiJIUzI1NiJ9.eyJzdWIiOiJuYWNvcyIsImV4cCI6MTU5MjIyMjYxOH0.Qp-V2RBSZUipAu9VxQ6R4DHX-qY1Czn-stEnGggEOMU&namespaceId= HTTP/1.1" 200 39 7 Mozilla/5.0 (Windows NT 10.0; Win64; x64) AppleWebKit/537.36 (KHTML, like Gecko) Chrome/83.0.4103.97 Safari/537.36 Edg/83.0.478.45
0:0:0:0:0:0:0:1 - - [15/Jun/2020:17:05:38 +0800] "GET /nacos/console-fe/public/icons/icon-font.woff2 HTTP/1.1" 404 177 49 Mozilla/5.0 (Windows NT 10.0; Win64; x64) AppleWebKit/537.36 (KHTML, like Gecko) Chrome/83.0.4103.97 Safari/537.36 Edg/83.0.478.45
0:0:0:0:0:0:0:1 - - [15/Jun/2020:17:05:39 +0800] "GET /nacos/console-fe/public/img/favicon.ico HTTP/1.1" 200 4286 28 Mozilla/5.0 (Windows NT 10.0; Win64; x64) AppleWebKit/537.36 (KHTML, like Gecko) Chrome/83.0.4103.97 Safari/537.36 Edg/83.0.478.45
0:0:0:0:0:0:0:1 - - [15/Jun/2020:17:06:50 +0800] "GET /nacos/ HTTP/1.1" 304 - 24 Mozilla/5.0 (Windows NT 10.0; Win64; x64) AppleWebKit/537.36 (KHTML, like Gecko) Chrome/83.0.4103.97 Safari/537.36 Edg/83.0.478.45
0:0:0:0:0:0:0:1 - - [15/Jun/2020:17:06:50 +0800] "GET /nacos/v1/console/namespaces?&accessToken=eyJhbGciOiJIUzI1NiJ9.eyJzdWIiOiJuYWNvcyIsImV4cCI6MTU5MjIyMjYxOH0.Qp-V2RBSZUipAu9VxQ6R4DHX-qY1Czn-stEnGggEOMU&namespaceId= HTTP/1.1" 200 130 3 Mozilla/5.0 (Windows NT 10.0; Win64; x64) AppleWebKit/537.36 (KHTML, like Gecko) Chrome/83.0.4103.97 Safari/537.36 Edg/83.0.478.45
0:0:0:0:0:0:0:1 - - [15/Jun/2020:17:06:50 +0800] "GET /nacos/v1/console/server/state?accessToken=eyJhbGciOiJIUzI1NiJ9.eyJzdWIiOiJuYWNvcyIsImV4cCI6MTU5MjIyMjYxOH0.Qp-V2RBSZUipAu9VxQ6R4DHX-qY1Czn-stEnGggEOMU HTTP/1.1" 200 82 12 Mozilla/5.0 (Windows NT 10.0; Win64; x64) AppleWebKit/537.36 (KHTML, like Gecko) Chrome/83.0.4103.97 Safari/537.36 Edg/83.0.478.45
0:0:0:0:0:0:0:1 - - [15/Jun/2020:17:06:50 +0800] "GET /nacos/v1/ns/catalog/services?hasIpCount=true&withInstances=false&pageNo=1&pageSize=10&serviceNameParam=&groupNameParam=&accessToken=eyJhbGciOiJIUzI1NiJ9.eyJzdWIiOiJuYWNvcyIsImV4cCI6MTU5MjIyMjYxOH0.Qp-V2RBSZUipAu9VxQ6R4DHX-qY1Czn-stEnGggEOMU&namespaceId= HTTP/1.1" 200 39 5 Mozilla/5.0 (Windows NT 10.0; Win64; x64) AppleWebKit/537.36 (KHTML, like Gecko) Chrome/83.0.4103.97 Safari/537.36 Edg/83.0.478.45
0:0:0:0:0:0:0:1 - - [15/Jun/2020:17:06:50 +0800] "GET /nacos/console-fe/public/icons/icon-font.woff2 HTTP/1.1" 404 177 91 Mozilla/5.0 (Windows NT 10.0; Win64; x64) AppleWebKit/537.36 (KHTML, like Gecko) Chrome/83.0.4103.97 Safari/537.36 Edg/83.0.478.45
0:0:0:0:0:0:0:1 - - [15/Jun/2020:17:06:51 +0800] "GET /nacos/console-fe/public/img/favicon.ico HTTP/1.1" 200 4286 25 Mozilla/5.0 (Windows NT 10.0; Win64; x64) AppleWebKit/537.36 (KHTML, like Gecko) Chrome/83.0.4103.97 Safari/537.36 Edg/83.0.478.45
0:0:0:0:0:0:0:1 - - [15/Jun/2020:17:06:59 +0800] "GET /nacos/v1/ns/catalog/services?hasIpCount=true&withInstances=false&pageNo=1&pageSize=10&serviceNameParam=&groupNameParam=&accessToken=eyJhbGciOiJIUzI1NiJ9.eyJzdWIiOiJuYWNvcyIsImV4cCI6MTU5MjIyMjYxOH0.Qp-V2RBSZUipAu9VxQ6R4DHX-qY1Czn-stEnGggEOMU&namespaceId= HTTP/1.1" 200 39 4 Mozilla/5.0 (Windows NT 10.0; Win64; x64) AppleWebKit/537.36 (KHTML, like Gecko) Chrome/83.0.4103.97 Safari/537.36 Edg/83.0.478.45
0:0:0:0:0:0:0:1 - - [15/Jun/2020:17:07:00 +0800] "GET /nacos/v1/ns/catalog/services?hasIpCount=true&withInstances=false&pageNo=1&pageSize=10&serviceNameParam=&groupNameParam=&accessToken=eyJhbGciOiJIUzI1NiJ9.eyJzdWIiOiJuYWNvcyIsImV4cCI6MTU5MjIyMjYxOH0.Qp-V2RBSZUipAu9VxQ6R4DHX-qY1Czn-stEnGggEOMU&namespaceId= HTTP/1.1" 200 39 15 Mozilla/5.0 (Windows NT 10.0; Win64; x64) AppleWebKit/537.36 (KHTML, like Gecko) Chrome/83.0.4103.97 Safari/537.36 Edg/83.0.478.45
0:0:0:0:0:0:0:1 - - [15/Jun/2020:17:07:00 +0800] "GET /nacos/v1/ns/catalog/services?hasIpCount=true&withInstances=false&pageNo=1&pageSize=10&serviceNameParam=&groupNameParam=&accessToken=eyJhbGciOiJIUzI1NiJ9.eyJzdWIiOiJuYWNvcyIsImV4cCI6MTU5MjIyMjYxOH0.Qp-V2RBSZUipAu9VxQ6R4DHX-qY1Czn-stEnGggEOMU&namespaceId= HTTP/1.1" 200 39 9 Mozilla/5.0 (Windows NT 10.0; Win64; x64) AppleWebKit/537.36 (KHTML, like Gecko) Chrome/83.0.4103.97 Safari/537.36 Edg/83.0.478.45
0:0:0:0:0:0:0:1 - - [15/Jun/2020:17:07:00 +0800] "GET /nacos/v1/ns/catalog/services?hasIpCount=true&withInstances=false&pageNo=1&pageSize=10&serviceNameParam=&groupNameParam=&accessToken=eyJhbGciOiJIUzI1NiJ9.eyJzdWIiOiJuYWNvcyIsImV4cCI6MTU5MjIyMjYxOH0.Qp-V2RBSZUipAu9VxQ6R4DHX-qY1Czn-stEnGggEOMU&namespaceId= HTTP/1.1" 200 39 3 Mozilla/5.0 (Windows NT 10.0; Win64; x64) AppleWebKit/537.36 (KHTML, like Gecko) Chrome/83.0.4103.97 Safari/537.36 Edg/83.0.478.45
0:0:0:0:0:0:0:1 - - [15/Jun/2020:17:07:00 +0800] "GET /nacos/v1/ns/catalog/services?hasIpCount=true&withInstances=false&pageNo=1&pageSize=10&serviceNameParam=&groupNameParam=&accessToken=eyJhbGciOiJIUzI1NiJ9.eyJzdWIiOiJuYWNvcyIsImV4cCI6MTU5MjIyMjYxOH0.Qp-V2RBSZUipAu9VxQ6R4DHX-qY1Czn-stEnGggEOMU&namespaceId= HTTP/1.1" 200 39 3 Mozilla/5.0 (Windows NT 10.0; Win64; x64) AppleWebKit/537.36 (KHTML, like Gecko) Chrome/83.0.4103.97 Safari/537.36 Edg/83.0.478.45
127.0.0.1 - - [15/Jun/2020:17:11:13 +0800] "POST /nacos/v1/ns/instance?app=unknown&metadata=%7B%22preserved.register.source%22%3A%22SPRING_CLOUD%22%7D&ip=192.168.190.1&weight=1.0&ephemeral=true&serviceName=DEFAULT_GROUP%40%40auth-server&encoding=UTF-8&groupName=DEFAULT_GROUP&namespaceId=public&port=9091&enable=true&healthy=true&clusterName=DEFAULT HTTP/1.1" 200 2 2939 Nacos-Java-Client:v1.2.1
127.0.0.1 - - [15/Jun/2020:17:11:16 +0800] "PUT /nacos/v1/ns/instance/beat?app=unknown&namespaceId=public&port=9091&clusterName=DEFAULT&ip=192.168.190.1&serviceName=DEFAULT_GROUP%40%40auth-server&encoding=UTF-8 HTTP/1.1" 200 75 713 Nacos-Java-Client:v1.2.1
127.0.0.1 - - [15/Jun/2020:17:11:21 +0800] "PUT /nacos/v1/ns/instance/beat?app=unknown&namespaceId=public&port=9091&clusterName=DEFAULT&ip=192.168.190.1&serviceName=DEFAULT_GROUP%40%40auth-server&encoding=UTF-8 HTTP/1.1" 200 75 17 Nacos-Java-Client:v1.2.1
127.0.0.1 - - [15/Jun/2020:17:11:26 +0800] "PUT /nacos/v1/ns/instance/beat?app=unknown&namespaceId=public&port=9091&clusterName=DEFAULT&ip=192.168.190.1&serviceName=DEFAULT_GROUP%40%40auth-server&encoding=UTF-8 HTTP/1.1" 200 75 7 Nacos-Java-Client:v1.2.1
127.0.0.1 - - [15/Jun/2020:17:11:31 +0800] "PUT /nacos/v1/ns/instance/beat?app=unknown&namespaceId=public&port=9091&clusterName=DEFAULT&ip=192.168.190.1&serviceName=DEFAULT_GROUP%40%40auth-server&encoding=UTF-8 HTTP/1.1" 200 75 7 Nacos-Java-Client:v1.2.1
127.0.0.1 - - [15/Jun/2020:17:11:36 +0800] "PUT /nacos/v1/ns/instance/beat?app=unknown&namespaceId=public&port=9091&clusterName=DEFAULT&ip=192.168.190.1&serviceName=DEFAULT_GROUP%40%40auth-server&encoding=UTF-8 HTTP/1.1" 200 75 3 Nacos-Java-Client:v1.2.1
127.0.0.1 - - [15/Jun/2020:17:11:41 +0800] "PUT /nacos/v1/ns/instance/beat?app=unknown&namespaceId=public&port=9091&clusterName=DEFAULT&ip=192.168.190.1&serviceName=DEFAULT_GROUP%40%40auth-server&encoding=UTF-8 HTTP/1.1" 200 75 4 Nacos-Java-Client:v1.2.1
0:0:0:0:0:0:0:1 - - [15/Jun/2020:17:11:45 +0800] "GET /nacos/ HTTP/1.1" 304 - 79 Mozilla/5.0 (Windows NT 10.0; Win64; x64) AppleWebKit/537.36 (KHTML, like Gecko) Chrome/83.0.4103.97 Safari/537.36 Edg/83.0.478.45
0:0:0:0:0:0:0:1 - - [15/Jun/2020:17:11:46 +0800] "GET /nacos/v1/console/namespaces?&accessToken=eyJhbGciOiJIUzI1NiJ9.eyJzdWIiOiJuYWNvcyIsImV4cCI6MTU5MjIyMjYxOH0.Qp-V2RBSZUipAu9VxQ6R4DHX-qY1Czn-stEnGggEOMU&namespaceId= HTTP/1.1" 200 130 5 Mozilla/5.0 (Windows NT 10.0; Win64; x64) AppleWebKit/537.36 (KHTML, like Gecko) Chrome/83.0.4103.97 Safari/537.36 Edg/83.0.478.45
0:0:0:0:0:0:0:1 - - [15/Jun/2020:17:11:46 +0800] "GET /nacos/v1/console/server/state?accessToken=eyJhbGciOiJIUzI1NiJ9.eyJzdWIiOiJuYWNvcyIsImV4cCI6MTU5MjIyMjYxOH0.Qp-V2RBSZUipAu9VxQ6R4DHX-qY1Czn-stEnGggEOMU HTTP/1.1" 200 82 14 Mozilla/5.0 (Windows NT 10.0; Win64; x64) AppleWebKit/537.36 (KHTML, like Gecko) Chrome/83.0.4103.97 Safari/537.36 Edg/83.0.478.45
0:0:0:0:0:0:0:1 - - [15/Jun/2020:17:11:46 +0800] "GET /nacos/v1/ns/catalog/services?hasIpCount=true&withInstances=false&pageNo=1&pageSize=10&serviceNameParam=&groupNameParam=&accessToken=eyJhbGciOiJIUzI1NiJ9.eyJzdWIiOiJuYWNvcyIsImV4cCI6MTU5MjIyMjYxOH0.Qp-V2RBSZUipAu9VxQ6R4DHX-qY1Czn-stEnGggEOMU&namespaceId= HTTP/1.1" 200 165 127 Mozilla/5.0 (Windows NT 10.0; Win64; x64) AppleWebKit/537.36 (KHTML, like Gecko) Chrome/83.0.4103.97 Safari/537.36 Edg/83.0.478.45
0:0:0:0:0:0:0:1 - - [15/Jun/2020:17:11:46 +0800] "GET /nacos/console-fe/public/icons/icon-font.woff2 HTTP/1.1" 404 177 171 Mozilla/5.0 (Windows NT 10.0; Win64; x64) AppleWebKit/537.36 (KHTML, like Gecko) Chrome/83.0.4103.97 Safari/537.36 Edg/83.0.478.45
127.0.0.1 - - [15/Jun/2020:17:11:46 +0800] "PUT /nacos/v1/ns/instance/beat?app=unknown&namespaceId=public&port=9091&clusterName=DEFAULT&ip=192.168.190.1&serviceName=DEFAULT_GROUP%40%40auth-server&encoding=UTF-8 HTTP/1.1" 200 75 3 Nacos-Java-Client:v1.2.1
0:0:0:0:0:0:0:1 - - [15/Jun/2020:17:11:46 +0800] "GET /nacos/console-fe/public/img/favicon.ico HTTP/1.1" 200 4286 35 Mozilla/5.0 (Windows NT 10.0; Win64; x64) AppleWebKit/537.36 (KHTML, like Gecko) Chrome/83.0.4103.97 Safari/537.36 Edg/83.0.478.45
127.0.0.1 - - [15/Jun/2020:17:11:51 +0800] "PUT /nacos/v1/ns/instance/beat?app=unknown&namespaceId=public&port=9091&clusterName=DEFAULT&ip=192.168.190.1&serviceName=DEFAULT_GROUP%40%40auth-server&encoding=UTF-8 HTTP/1.1" 200 75 48 Nacos-Java-Client:v1.2.1
0:0:0:0:0:0:0:1 - - [15/Jun/2020:17:11:54 +0800] "GET /nacos/console-fe/public/js/vs/language/json/jsonMode.js HTTP/1.1" 200 36549 123 Mozilla/5.0 (Windows NT 10.0; Win64; x64) AppleWebKit/537.36 (KHTML, like Gecko) Chrome/83.0.4103.97 Safari/537.36 Edg/83.0.478.45
0:0:0:0:0:0:0:1 - - [15/Jun/2020:17:11:54 +0800] "GET /nacos/console-fe/public/js/vs/language/json/jsonWorker.js HTTP/1.1" 200 93035 81 Mozilla/5.0 (Windows NT 10.0; Win64; x64) AppleWebKit/537.36 (KHTML, like Gecko) Chrome/83.0.4103.97 Safari/537.36 Edg/83.0.478.45
127.0.0.1 - - [15/Jun/2020:17:11:56 +0800] "PUT /nacos/v1/ns/instance/beat?app=unknown&namespaceId=public&port=9091&clusterName=DEFAULT&ip=192.168.190.1&serviceName=DEFAULT_GROUP%40%40auth-server&encoding=UTF-8 HTTP/1.1" 200 75 19 Nacos-Java-Client:v1.2.1
0:0:0:0:0:0:0:1 - - [15/Jun/2020:17:12:01 +0800] "GET /nacos/v1/ns/catalog/services?hasIpCount=false&withInstances=false&pageNo=1&pageSize=10&serviceNameParam=&groupNameParam=&accessToken=eyJhbGciOiJIUzI1NiJ9.eyJzdWIiOiJuYWNvcyIsImV4cCI6MTU5MjIyMjYxOH0.Qp-V2RBSZUipAu9VxQ6R4DHX-qY1Czn-stEnGggEOMU&namespaceId= HTTP/1.1" 200 165 13 Mozilla/5.0 (Windows NT 10.0; Win64; x64) AppleWebKit/537.36 (KHTML, like Gecko) Chrome/83.0.4103.97 Safari/537.36 Edg/83.0.478.45
0:0:0:0:0:0:0:1 - - [15/Jun/2020:17:12:01 +0800] "GET /nacos/v1/ns/catalog/services?hasIpCount=true&withInstances=false&pageNo=1&pageSize=10&serviceNameParam=&groupNameParam=&accessToken=eyJhbGciOiJIUzI1NiJ9.eyJzdWIiOiJuYWNvcyIsImV4cCI6MTU5MjIyMjYxOH0.Qp-V2RBSZUipAu9VxQ6R4DHX-qY1Czn-stEnGggEOMU&namespaceId= HTTP/1.1" 200 165 4 Mozilla/5.0 (Windows NT 10.0; Win64; x64) AppleWebKit/537.36 (KHTML, like Gecko) Chrome/83.0.4103.97 Safari/537.36 Edg/83.0.478.45
127.0.0.1 - - [15/Jun/2020:17:12:01 +0800] "PUT /nacos/v1/ns/instance/beat?app=unknown&namespaceId=public&port=9091&clusterName=DEFAULT&ip=192.168.190.1&serviceName=DEFAULT_GROUP%40%40auth-server&encoding=UTF-8 HTTP/1.1" 200 75 16 Nacos-Java-Client:v1.2.1
0:0:0:0:0:0:0:1 - - [15/Jun/2020:17:12:03 +0800] "GET /nacos/v1/ns/catalog/services?hasIpCount=true&withInstances=false&pageNo=1&pageSize=10&serviceNameParam=&groupNameParam=&accessToken=eyJhbGciOiJIUzI1NiJ9.eyJzdWIiOiJuYWNvcyIsImV4cCI6MTU5MjIyMjYxOH0.Qp-V2RBSZUipAu9VxQ6R4DHX-qY1Czn-stEnGggEOMU&namespaceId= HTTP/1.1" 200 165 3 Mozilla/5.0 (Windows NT 10.0; Win64; x64) AppleWebKit/537.36 (KHTML, like Gecko) Chrome/83.0.4103.97 Safari/537.36 Edg/83.0.478.45
0:0:0:0:0:0:0:1 - - [15/Jun/2020:17:12:03 +0800] "GET /nacos/v1/ns/catalog/services?hasIpCount=true&withInstances=false&pageNo=1&pageSize=10&serviceNameParam=&groupNameParam=&accessToken=eyJhbGciOiJIUzI1NiJ9.eyJzdWIiOiJuYWNvcyIsImV4cCI6MTU5MjIyMjYxOH0.Qp-V2RBSZUipAu9VxQ6R4DHX-qY1Czn-stEnGggEOMU&namespaceId= HTTP/1.1" 200 165 4 Mozilla/5.0 (Windows NT 10.0; Win64; x64) AppleWebKit/537.36 (KHTML, like Gecko) Chrome/83.0.4103.97 Safari/537.36 Edg/83.0.478.45
0:0:0:0:0:0:0:1 - - [15/Jun/2020:17:12:04 +0800] "GET /nacos/v1/ns/catalog/services?hasIpCount=true&withInstances=false&pageNo=1&pageSize=10&serviceNameParam=&groupNameParam=&accessToken=eyJhbGciOiJIUzI1NiJ9.eyJzdWIiOiJuYWNvcyIsImV4cCI6MTU5MjIyMjYxOH0.Qp-V2RBSZUipAu9VxQ6R4DHX-qY1Czn-stEnGggEOMU&namespaceId= HTTP/1.1" 200 165 3 Mozilla/5.0 (Windows NT 10.0; Win64; x64) AppleWebKit/537.36 (KHTML, like Gecko) Chrome/83.0.4103.97 Safari/537.36 Edg/83.0.478.45
127.0.0.1 - - [15/Jun/2020:17:12:06 +0800] "PUT /nacos/v1/ns/instance/beat?app=unknown&namespaceId=public&port=9091&clusterName=DEFAULT&ip=192.168.190.1&serviceName=DEFAULT_GROUP%40%40auth-server&encoding=UTF-8 HTTP/1.1" 200 75 6 Nacos-Java-Client:v1.2.1
0:0:0:0:0:0:0:1 - - [15/Jun/2020:17:12:08 +0800] "GET /nacos/v1/ns/catalog/service?serviceName=auth-server&groupName=DEFAULT_GROUP&accessToken=eyJhbGciOiJIUzI1NiJ9.eyJzdWIiOiJuYWNvcyIsImV4cCI6MTU5MjIyMjYxOH0.Qp-V2RBSZUipAu9VxQ6R4DHX-qY1Czn-stEnGggEOMU&namespaceId= HTTP/1.1" 200 320 344 Mozilla/5.0 (Windows NT 10.0; Win64; x64) AppleWebKit/537.36 (KHTML, like Gecko) Chrome/83.0.4103.97 Safari/537.36 Edg/83.0.478.45
0:0:0:0:0:0:0:1 - - [15/Jun/2020:17:12:08 +0800] "GET /nacos/v1/ns/catalog/instances?&accessToken=eyJhbGciOiJIUzI1NiJ9.eyJzdWIiOiJuYWNvcyIsImV4cCI6MTU5MjIyMjYxOH0.Qp-V2RBSZUipAu9VxQ6R4DHX-qY1Czn-stEnGggEOMU&serviceName=auth-server&clusterName=DEFAULT&groupName=DEFAULT_GROUP&pageSize=10&pageNo=1&namespaceId= HTTP/1.1" 200 465 14 Mozilla/5.0 (Windows NT 10.0; Win64; x64) AppleWebKit/537.36 (KHTML, like Gecko) Chrome/83.0.4103.97 Safari/537.36 Edg/83.0.478.45
127.0.0.1 - - [15/Jun/2020:17:12:11 +0800] "PUT /nacos/v1/ns/instance/beat?app=unknown&namespaceId=public&port=9091&clusterName=DEFAULT&ip=192.168.190.1&serviceName=DEFAULT_GROUP%40%40auth-server&encoding=UTF-8 HTTP/1.1" 200 75 6 Nacos-Java-Client:v1.2.1
127.0.0.1 - - [15/Jun/2020:17:12:16 +0800] "PUT /nacos/v1/ns/instance/beat?app=unknown&namespaceId=public&port=9091&clusterName=DEFAULT&ip=192.168.190.1&serviceName=DEFAULT_GROUP%40%40auth-server&encoding=UTF-8 HTTP/1.1" 200 75 7 Nacos-Java-Client:v1.2.1
0:0:0:0:0:0:0:1 - - [15/Jun/2020:17:12:19 +0800] "GET /nacos/v1/ns/catalog/services?hasIpCount=true&withInstances=false&pageNo=1&pageSize=10&serviceNameParam=&groupNameParam=&accessToken=eyJhbGciOiJIUzI1NiJ9.eyJzdWIiOiJuYWNvcyIsImV4cCI6MTU5MjIyMjYxOH0.Qp-V2RBSZUipAu9VxQ6R4DHX-qY1Czn-stEnGggEOMU&namespaceId= HTTP/1.1" 200 165 41 Mozilla/5.0 (Windows NT 10.0; Win64; x64) AppleWebKit/537.36 (KHTML, like Gecko) Chrome/83.0.4103.97 Safari/537.36 Edg/83.0.478.45
127.0.0.1 - - [15/Jun/2020:17:12:21 +0800] "PUT /nacos/v1/ns/instance/beat?app=unknown&namespaceId=public&port=9091&clusterName=DEFAULT&ip=192.168.190.1&serviceName=DEFAULT_GROUP%40%40auth-server&encoding=UTF-8 HTTP/1.1" 200 75 15 Nacos-Java-Client:v1.2.1
0:0:0:0:0:0:0:1 - - [15/Jun/2020:17:12:22 +0800] "GET /nacos/v1/ns/catalog/services?hasIpCount=true&withInstances=false&pageNo=1&pageSize=10&serviceNameParam=&groupNameParam=&accessToken=eyJhbGciOiJIUzI1NiJ9.eyJzdWIiOiJuYWNvcyIsImV4cCI6MTU5MjIyMjYxOH0.Qp-V2RBSZUipAu9VxQ6R4DHX-qY1Czn-stEnGggEOMU&namespaceId= HTTP/1.1" 200 165 3 Mozilla/5.0 (Windows NT 10.0; Win64; x64) AppleWebKit/537.36 (KHTML, like Gecko) Chrome/83.0.4103.97 Safari/537.36 Edg/83.0.478.45
0:0:0:0:0:0:0:1 - - [15/Jun/2020:17:12:23 +0800] "GET /nacos/v1/auth/users?pageNo=1&pageSize=9&accessToken=eyJhbGciOiJIUzI1NiJ9.eyJzdWIiOiJuYWNvcyIsImV4cCI6MTU5MjIyMjYxOH0.Qp-V2RBSZUipAu9VxQ6R4DHX-qY1Czn-stEnGggEOMU HTTP/1.1" 200 170 5 Mozilla/5.0 (Windows NT 10.0; Win64; x64) AppleWebKit/537.36 (KHTML, like Gecko) Chrome/83.0.4103.97 Safari/537.36 Edg/83.0.478.45
127.0.0.1 - - [15/Jun/2020:17:12:26 +0800] "PUT /nacos/v1/ns/instance/beat?app=unknown&namespaceId=public&port=9091&clusterName=DEFAULT&ip=192.168.190.1&serviceName=DEFAULT_GROUP%40%40auth-server&encoding=UTF-8 HTTP/1.1" 200 75 6 Nacos-Java-Client:v1.2.1
127.0.0.1 - - [15/Jun/2020:17:12:31 +0800] "PUT /nacos/v1/ns/instance/beat?app=unknown&namespaceId=public&port=9091&clusterName=DEFAULT&ip=192.168.190.1&serviceName=DEFAULT_GROUP%40%40auth-server&encoding=UTF-8 HTTP/1.1" 200 75 45 Nacos-Java-Client:v1.2.1
127.0.0.1 - - [15/Jun/2020:17:12:36 +0800] "PUT /nacos/v1/ns/instance/beat?app=unknown&namespaceId=public&port=9091&clusterName=DEFAULT&ip=192.168.190.1&serviceName=DEFAULT_GROUP%40%40auth-server&encoding=UTF-8 HTTP/1.1" 200 75 4 Nacos-Java-Client:v1.2.1
127.0.0.1 - - [15/Jun/2020:17:12:41 +0800] "PUT /nacos/v1/ns/instance/beat?app=unknown&namespaceId=public&port=9091&clusterName=DEFAULT&ip=192.168.190.1&serviceName=DEFAULT_GROUP%40%40auth-server&encoding=UTF-8 HTTP/1.1" 200 75 18 Nacos-Java-Client:v1.2.1
0:0:0:0:0:0:0:1 - - [15/Jun/2020:17:12:43 +0800] "POST /nacos/v1/auth/users?accessToken=eyJhbGciOiJIUzI1NiJ9.eyJzdWIiOiJuYWNvcyIsImV4cCI6MTU5MjIyMjYxOH0.Qp-V2RBSZUipAu9VxQ6R4DHX-qY1Czn-stEnGggEOMU HTTP/1.1" 200 63 651 Mozilla/5.0 (Windows NT 10.0; Win64; x64) AppleWebKit/537.36 (KHTML, like Gecko) Chrome/83.0.4103.97 Safari/537.36 Edg/83.0.478.45
0:0:0:0:0:0:0:1 - - [15/Jun/2020:17:12:43 +0800] "GET /nacos/v1/auth/users?pageNo=1&pageSize=9&accessToken=eyJhbGciOiJIUzI1NiJ9.eyJzdWIiOiJuYWNvcyIsImV4cCI6MTU5MjIyMjYxOH0.Qp-V2RBSZUipAu9VxQ6R4DHX-qY1Czn-stEnGggEOMU HTTP/1.1" 200 265 4 Mozilla/5.0 (Windows NT 10.0; Win64; x64) AppleWebKit/537.36 (KHTML, like Gecko) Chrome/83.0.4103.97 Safari/537.36 Edg/83.0.478.45
127.0.0.1 - - [15/Jun/2020:17:12:46 +0800] "PUT /nacos/v1/ns/instance/beat?app=unknown&namespaceId=public&port=9091&clusterName=DEFAULT&ip=192.168.190.1&serviceName=DEFAULT_GROUP%40%40auth-server&encoding=UTF-8 HTTP/1.1" 200 75 4 Nacos-Java-Client:v1.2.1
127.0.0.1 - - [15/Jun/2020:17:12:51 +0800] "PUT /nacos/v1/ns/instance/beat?app=unknown&namespaceId=public&port=9091&clusterName=DEFAULT&ip=192.168.190.1&serviceName=DEFAULT_GROUP%40%40auth-server&encoding=UTF-8 HTTP/1.1" 200 75 7 Nacos-Java-Client:v1.2.1
127.0.0.1 - - [15/Jun/2020:17:12:56 +0800] "PUT /nacos/v1/ns/instance/beat?app=unknown&namespaceId=public&port=9091&clusterName=DEFAULT&ip=192.168.190.1&serviceName=DEFAULT_GROUP%40%40auth-server&encoding=UTF-8 HTTP/1.1" 200 75 2 Nacos-Java-Client:v1.2.1
0:0:0:0:0:0:0:1 - - [15/Jun/2020:17:12:58 +0800] "GET /nacos/console-fe/min-maps/vs/loader.js.map HTTP/1.1" 404 174 157 Mozilla/5.0 (Windows NT 10.0; Win64; x64) AppleWebKit/537.36 (KHTML, like Gecko) Chrome/83.0.4103.97 Safari/537.36 Edg/83.0.478.45
0:0:0:0:0:0:0:1 - - [15/Jun/2020:17:12:58 +0800] "GET /nacos/console-fe/public/min-maps/vs/editor/editor.main.js.map HTTP/1.1" 404 193 161 Mozilla/5.0 (Windows NT 10.0; Win64; x64) AppleWebKit/537.36 (KHTML, like Gecko) Chrome/83.0.4103.97 Safari/537.36 Edg/83.0.478.45
0:0:0:0:0:0:0:1 - - [15/Jun/2020:17:12:59 +0800] "GET /nacos/console-fe/public/min-maps/vs/base/worker/workerMain.js.map HTTP/1.1" 404 197 311 Mozilla/5.0 (Windows NT 10.0; Win64; x64) AppleWebKit/537.36 (KHTML, like Gecko) Chrome/83.0.4103.97 Safari/537.36 Edg/83.0.478.45
127.0.0.1 - - [15/Jun/2020:17:13:01 +0800] "PUT /nacos/v1/ns/instance/beat?app=unknown&namespaceId=public&port=9091&clusterName=DEFAULT&ip=192.168.190.1&serviceName=DEFAULT_GROUP%40%40auth-server&encoding=UTF-8 HTTP/1.1" 200 75 17 Nacos-Java-Client:v1.2.1
127.0.0.1 - - [15/Jun/2020:17:13:06 +0800] "PUT /nacos/v1/ns/instance/beat?app=unknown&namespaceId=public&port=9091&clusterName=DEFAULT&ip=192.168.190.1&serviceName=DEFAULT_GROUP%40%40auth-server&encoding=UTF-8 HTTP/1.1" 200 75 3 Nacos-Java-Client:v1.2.1
0:0:0:0:0:0:0:1 - - [15/Jun/2020:17:13:07 +0800] "GET /nacos/v1/auth/roles?pageNo=1&pageSize=9&accessToken=eyJhbGciOiJIUzI1NiJ9.eyJzdWIiOiJuYWNvcyIsImV4cCI6MTU5MjIyMjYxOH0.Qp-V2RBSZUipAu9VxQ6R4DHX-qY1Czn-stEnGggEOMU HTTP/1.1" 200 116 28 Mozilla/5.0 (Windows NT 10.0; Win64; x64) AppleWebKit/537.36 (KHTML, like Gecko) Chrome/83.0.4103.97 Safari/537.36 Edg/83.0.478.45
0:0:0:0:0:0:0:1 - - [15/Jun/2020:17:13:08 +0800] "GET /nacos/v1/auth/users?pageNo=1&pageSize=9&accessToken=eyJhbGciOiJIUzI1NiJ9.eyJzdWIiOiJuYWNvcyIsImV4cCI6MTU5MjIyMjYxOH0.Qp-V2RBSZUipAu9VxQ6R4DHX-qY1Czn-stEnGggEOMU HTTP/1.1" 200 265 15 Mozilla/5.0 (Windows NT 10.0; Win64; x64) AppleWebKit/537.36 (KHTML, like Gecko) Chrome/83.0.4103.97 Safari/537.36 Edg/83.0.478.45
127.0.0.1 - - [15/Jun/2020:17:13:11 +0800] "PUT /nacos/v1/ns/instance/beat?app=unknown&namespaceId=public&port=9091&clusterName=DEFAULT&ip=192.168.190.1&serviceName=DEFAULT_GROUP%40%40auth-server&encoding=UTF-8 HTTP/1.1" 200 75 7 Nacos-Java-Client:v1.2.1
127.0.0.1 - - [15/Jun/2020:17:13:16 +0800] "PUT /nacos/v1/ns/instance/beat?app=unknown&namespaceId=public&port=9091&clusterName=DEFAULT&ip=192.168.190.1&serviceName=DEFAULT_GROUP%40%40auth-server&encoding=UTF-8 HTTP/1.1" 200 75 20 Nacos-Java-Client:v1.2.1
127.0.0.1 - - [15/Jun/2020:17:13:21 +0800] "PUT /nacos/v1/ns/instance/beat?app=unknown&namespaceId=public&port=9091&clusterName=DEFAULT&ip=192.168.190.1&serviceName=DEFAULT_GROUP%40%40auth-server&encoding=UTF-8 HTTP/1.1" 200 75 16 Nacos-Java-Client:v1.2.1
127.0.0.1 - - [15/Jun/2020:17:13:26 +0800] "PUT /nacos/v1/ns/instance/beat?app=unknown&namespaceId=public&port=9091&clusterName=DEFAULT&ip=192.168.190.1&serviceName=DEFAULT_GROUP%40%40auth-server&encoding=UTF-8 HTTP/1.1" 200 75 8 Nacos-Java-Client:v1.2.1
127.0.0.1 - - [15/Jun/2020:17:13:31 +0800] "PUT /nacos/v1/ns/instance/beat?app=unknown&namespaceId=public&port=9091&clusterName=DEFAULT&ip=192.168.190.1&serviceName=DEFAULT_GROUP%40%40auth-server&encoding=UTF-8 HTTP/1.1" 200 75 6 Nacos-Java-Client:v1.2.1
127.0.0.1 - - [15/Jun/2020:17:13:36 +0800] "PUT /nacos/v1/ns/instance/beat?app=unknown&namespaceId=public&port=9091&clusterName=DEFAULT&ip=192.168.190.1&serviceName=DEFAULT_GROUP%40%40auth-server&encoding=UTF-8 HTTP/1.1" 200 75 12 Nacos-Java-Client:v1.2.1
127.0.0.1 - - [15/Jun/2020:17:13:42 +0800] "PUT /nacos/v1/ns/instance/beat?app=unknown&namespaceId=public&port=9091&clusterName=DEFAULT&ip=192.168.190.1&serviceName=DEFAULT_GROUP%40%40auth-server&encoding=UTF-8 HTTP/1.1" 200 75 8 Nacos-Java-Client:v1.2.1
127.0.0.1 - - [15/Jun/2020:17:13:47 +0800] "PUT /nacos/v1/ns/instance/beat?app=unknown&namespaceId=public&port=9091&clusterName=DEFAULT&ip=192.168.190.1&serviceName=DEFAULT_GROUP%40%40auth-server&encoding=UTF-8 HTTP/1.1" 200 75 3 Nacos-Java-Client:v1.2.1
127.0.0.1 - - [15/Jun/2020:17:13:52 +0800] "PUT /nacos/v1/ns/instance/beat?app=unknown&namespaceId=public&port=9091&clusterName=DEFAULT&ip=192.168.190.1&serviceName=DEFAULT_GROUP%40%40auth-server&encoding=UTF-8 HTTP/1.1" 200 75 5 Nacos-Java-Client:v1.2.1
127.0.0.1 - - [15/Jun/2020:17:13:57 +0800] "PUT /nacos/v1/ns/instance/beat?app=unknown&namespaceId=public&port=9091&clusterName=DEFAULT&ip=192.168.190.1&serviceName=DEFAULT_GROUP%40%40auth-server&encoding=UTF-8 HTTP/1.1" 200 75 10 Nacos-Java-Client:v1.2.1
127.0.0.1 - - [15/Jun/2020:17:14:02 +0800] "PUT /nacos/v1/ns/instance/beat?app=unknown&namespaceId=public&port=9091&clusterName=DEFAULT&ip=192.168.190.1&serviceName=DEFAULT_GROUP%40%40auth-server&encoding=UTF-8 HTTP/1.1" 200 75 13 Nacos-Java-Client:v1.2.1
127.0.0.1 - - [15/Jun/2020:17:14:07 +0800] "PUT /nacos/v1/ns/instance/beat?app=unknown&namespaceId=public&port=9091&clusterName=DEFAULT&ip=192.168.190.1&serviceName=DEFAULT_GROUP%40%40auth-server&encoding=UTF-8 HTTP/1.1" 200 75 5 Nacos-Java-Client:v1.2.1
127.0.0.1 - - [15/Jun/2020:17:14:12 +0800] "PUT /nacos/v1/ns/instance/beat?app=unknown&namespaceId=public&port=9091&clusterName=DEFAULT&ip=192.168.190.1&serviceName=DEFAULT_GROUP%40%40auth-server&encoding=UTF-8 HTTP/1.1" 200 75 31 Nacos-Java-Client:v1.2.1
127.0.0.1 - - [15/Jun/2020:17:14:17 +0800] "PUT /nacos/v1/ns/instance/beat?app=unknown&namespaceId=public&port=9091&clusterName=DEFAULT&ip=192.168.190.1&serviceName=DEFAULT_GROUP%40%40auth-server&encoding=UTF-8 HTTP/1.1" 200 75 8 Nacos-Java-Client:v1.2.1
0:0:0:0:0:0:0:1 - - [15/Jun/2020:17:14:20 +0800] "GET /nacos/v1/auth/roles?pageNo=1&pageSize=9&accessToken=eyJhbGciOiJIUzI1NiJ9.eyJzdWIiOiJuYWNvcyIsImV4cCI6MTU5MjIyMjYxOH0.Qp-V2RBSZUipAu9VxQ6R4DHX-qY1Czn-stEnGggEOMU HTTP/1.1" 200 116 16 Mozilla/5.0 (Windows NT 10.0; Win64; x64) AppleWebKit/537.36 (KHTML, like Gecko) Chrome/83.0.4103.97 Safari/537.36 Edg/83.0.478.45
0:0:0:0:0:0:0:1 - - [15/Jun/2020:17:14:21 +0800] "GET /nacos/v1/auth/permissions?pageNo=1&pageSize=9&accessToken=eyJhbGciOiJIUzI1NiJ9.eyJzdWIiOiJuYWNvcyIsImV4cCI6MTU5MjIyMjYxOH0.Qp-V2RBSZUipAu9VxQ6R4DHX-qY1Czn-stEnGggEOMU HTTP/1.1" 200 76 14 Mozilla/5.0 (Windows NT 10.0; Win64; x64) AppleWebKit/537.36 (KHTML, like Gecko) Chrome/83.0.4103.97 Safari/537.36 Edg/83.0.478.45
0:0:0:0:0:0:0:1 - - [15/Jun/2020:17:14:21 +0800] "GET /nacos/v1/console/namespaces?accessToken=eyJhbGciOiJIUzI1NiJ9.eyJzdWIiOiJuYWNvcyIsImV4cCI6MTU5MjIyMjYxOH0.Qp-V2RBSZUipAu9VxQ6R4DHX-qY1Czn-stEnGggEOMU HTTP/1.1" 200 130 18 Mozilla/5.0 (Windows NT 10.0; Win64; x64) AppleWebKit/537.36 (KHTML, like Gecko) Chrome/83.0.4103.97 Safari/537.36 Edg/83.0.478.45
0:0:0:0:0:0:0:1 - - [15/Jun/2020:17:14:21 +0800] "GET /nacos/v1/console/namespaces?accessToken=eyJhbGciOiJIUzI1NiJ9.eyJzdWIiOiJuYWNvcyIsImV4cCI6MTU5MjIyMjYxOH0.Qp-V2RBSZUipAu9VxQ6R4DHX-qY1Czn-stEnGggEOMU HTTP/1.1" 200 130 5 Mozilla/5.0 (Windows NT 10.0; Win64; x64) AppleWebKit/537.36 (KHTML, like Gecko) Chrome/83.0.4103.97 Safari/537.36 Edg/83.0.478.45
0:0:0:0:0:0:0:1 - - [15/Jun/2020:17:14:21 +0800] "GET /nacos/v1/console/namespaces?&accessToken=eyJhbGciOiJIUzI1NiJ9.eyJzdWIiOiJuYWNvcyIsImV4cCI6MTU5MjIyMjYxOH0.Qp-V2RBSZUipAu9VxQ6R4DHX-qY1Czn-stEnGggEOMU&namespaceId= HTTP/1.1" 200 130 4 Mozilla/5.0 (Windows NT 10.0; Win64; x64) AppleWebKit/537.36 (KHTML, like Gecko) Chrome/83.0.4103.97 Safari/537.36 Edg/83.0.478.45
127.0.0.1 - - [15/Jun/2020:17:14:22 +0800] "PUT /nacos/v1/ns/instance/beat?app=unknown&namespaceId=public&port=9091&clusterName=DEFAULT&ip=192.168.190.1&serviceName=DEFAULT_GROUP%40%40auth-server&encoding=UTF-8 HTTP/1.1" 200 75 16 Nacos-Java-Client:v1.2.1
0:0:0:0:0:0:0:1 - - [15/Jun/2020:17:14:25 +0800] "GET /nacos/v1/ns/catalog/services?hasIpCount=true&withInstances=false&pageNo=1&pageSize=10&serviceNameParam=&groupNameParam=&accessToken=eyJhbGciOiJIUzI1NiJ9.eyJzdWIiOiJuYWNvcyIsImV4cCI6MTU5MjIyMjYxOH0.Qp-V2RBSZUipAu9VxQ6R4DHX-qY1Czn-stEnGggEOMU&namespaceId= HTTP/1.1" 200 165 3 Mozilla/5.0 (Windows NT 10.0; Win64; x64) AppleWebKit/537.36 (KHTML, like Gecko) Chrome/83.0.4103.97 Safari/537.36 Edg/83.0.478.45
127.0.0.1 - - [15/Jun/2020:17:14:27 +0800] "PUT /nacos/v1/ns/instance/beat?app=unknown&namespaceId=public&port=9091&clusterName=DEFAULT&ip=192.168.190.1&serviceName=DEFAULT_GROUP%40%40auth-server&encoding=UTF-8 HTTP/1.1" 200 75 7 Nacos-Java-Client:v1.2.1
127.0.0.1 - - [15/Jun/2020:17:14:32 +0800] "PUT /nacos/v1/ns/instance/beat?app=unknown&namespaceId=public&port=9091&clusterName=DEFAULT&ip=192.168.190.1&serviceName=DEFAULT_GROUP%40%40auth-server&encoding=UTF-8 HTTP/1.1" 200 75 6 Nacos-Java-Client:v1.2.1
127.0.0.1 - - [15/Jun/2020:17:14:37 +0800] "PUT /nacos/v1/ns/instance/beat?app=unknown&namespaceId=public&port=9091&clusterName=DEFAULT&ip=192.168.190.1&serviceName=DEFAULT_GROUP%40%40auth-server&encoding=UTF-8 HTTP/1.1" 200 75 6 Nacos-Java-Client:v1.2.1
127.0.0.1 - - [15/Jun/2020:17:14:42 +0800] "PUT /nacos/v1/ns/instance/beat?app=unknown&namespaceId=public&port=9091&clusterName=DEFAULT&ip=192.168.190.1&serviceName=DEFAULT_GROUP%40%40auth-server&encoding=UTF-8 HTTP/1.1" 200 75 5 Nacos-Java-Client:v1.2.1
127.0.0.1 - - [15/Jun/2020:17:14:47 +0800] "PUT /nacos/v1/ns/instance/beat?app=unknown&namespaceId=public&port=9091&clusterName=DEFAULT&ip=192.168.190.1&serviceName=DEFAULT_GROUP%40%40auth-server&encoding=UTF-8 HTTP/1.1" 200 75 26 Nacos-Java-Client:v1.2.1
127.0.0.1 - - [15/Jun/2020:17:14:52 +0800] "PUT /nacos/v1/ns/instance/beat?app=unknown&namespaceId=public&port=9091&clusterName=DEFAULT&ip=192.168.190.1&serviceName=DEFAULT_GROUP%40%40auth-server&encoding=UTF-8 HTTP/1.1" 200 75 2 Nacos-Java-Client:v1.2.1
127.0.0.1 - - [15/Jun/2020:17:14:57 +0800] "PUT /nacos/v1/ns/instance/beat?app=unknown&namespaceId=public&port=9091&clusterName=DEFAULT&ip=192.168.190.1&serviceName=DEFAULT_GROUP%40%40auth-server&encoding=UTF-8 HTTP/1.1" 200 75 6 Nacos-Java-Client:v1.2.1
127.0.0.1 - - [15/Jun/2020:17:15:02 +0800] "PUT /nacos/v1/ns/instance/beat?app=unknown&namespaceId=public&port=9091&clusterName=DEFAULT&ip=192.168.190.1&serviceName=DEFAULT_GROUP%40%40auth-server&encoding=UTF-8 HTTP/1.1" 200 75 3 Nacos-Java-Client:v1.2.1
127.0.0.1 - - [15/Jun/2020:17:15:07 +0800] "PUT /nacos/v1/ns/instance/beat?app=unknown&namespaceId=public&port=9091&clusterName=DEFAULT&ip=192.168.190.1&serviceName=DEFAULT_GROUP%40%40auth-server&encoding=UTF-8 HTTP/1.1" 200 75 2 Nacos-Java-Client:v1.2.1
127.0.0.1 - - [15/Jun/2020:17:15:12 +0800] "PUT /nacos/v1/ns/instance/beat?app=unknown&namespaceId=public&port=9091&clusterName=DEFAULT&ip=192.168.190.1&serviceName=DEFAULT_GROUP%40%40auth-server&encoding=UTF-8 HTTP/1.1" 200 75 45 Nacos-Java-Client:v1.2.1
127.0.0.1 - - [15/Jun/2020:17:15:17 +0800] "PUT /nacos/v1/ns/instance/beat?app=unknown&namespaceId=public&port=9091&clusterName=DEFAULT&ip=192.168.190.1&serviceName=DEFAULT_GROUP%40%40auth-server&encoding=UTF-8 HTTP/1.1" 200 75 39 Nacos-Java-Client:v1.2.1
127.0.0.1 - - [15/Jun/2020:17:15:22 +0800] "PUT /nacos/v1/ns/instance/beat?app=unknown&namespaceId=public&port=9091&clusterName=DEFAULT&ip=192.168.190.1&serviceName=DEFAULT_GROUP%40%40auth-server&encoding=UTF-8 HTTP/1.1" 200 75 3 Nacos-Java-Client:v1.2.1
127.0.0.1 - - [15/Jun/2020:17:15:27 +0800] "PUT /nacos/v1/ns/instance/beat?app=unknown&namespaceId=public&port=9091&clusterName=DEFAULT&ip=192.168.190.1&serviceName=DEFAULT_GROUP%40%40auth-server&encoding=UTF-8 HTTP/1.1" 200 75 20 Nacos-Java-Client:v1.2.1
127.0.0.1 - - [15/Jun/2020:17:15:32 +0800] "PUT /nacos/v1/ns/instance/beat?app=unknown&namespaceId=public&port=9091&clusterName=DEFAULT&ip=192.168.190.1&serviceName=DEFAULT_GROUP%40%40auth-server&encoding=UTF-8 HTTP/1.1" 200 75 3 Nacos-Java-Client:v1.2.1
127.0.0.1 - - [15/Jun/2020:17:15:37 +0800] "PUT /nacos/v1/ns/instance/beat?app=unknown&namespaceId=public&port=9091&clusterName=DEFAULT&ip=192.168.190.1&serviceName=DEFAULT_GROUP%40%40auth-server&encoding=UTF-8 HTTP/1.1" 200 75 3 Nacos-Java-Client:v1.2.1
127.0.0.1 - - [15/Jun/2020:17:15:42 +0800] "PUT /nacos/v1/ns/instance/beat?app=unknown&namespaceId=public&port=9091&clusterName=DEFAULT&ip=192.168.190.1&serviceName=DEFAULT_GROUP%40%40auth-server&encoding=UTF-8 HTTP/1.1" 200 75 42 Nacos-Java-Client:v1.2.1
127.0.0.1 - - [15/Jun/2020:17:15:47 +0800] "PUT /nacos/v1/ns/instance/beat?app=unknown&namespaceId=public&port=9091&clusterName=DEFAULT&ip=192.168.190.1&serviceName=DEFAULT_GROUP%40%40auth-server&encoding=UTF-8 HTTP/1.1" 200 75 8 Nacos-Java-Client:v1.2.1
127.0.0.1 - - [15/Jun/2020:17:15:52 +0800] "PUT /nacos/v1/ns/instance/beat?app=unknown&namespaceId=public&port=9091&clusterName=DEFAULT&ip=192.168.190.1&serviceName=DEFAULT_GROUP%40%40auth-server&encoding=UTF-8 HTTP/1.1" 200 75 3 Nacos-Java-Client:v1.2.1
127.0.0.1 - - [15/Jun/2020:17:15:57 +0800] "PUT /nacos/v1/ns/instance/beat?app=unknown&namespaceId=public&port=9091&clusterName=DEFAULT&ip=192.168.190.1&serviceName=DEFAULT_GROUP%40%40auth-server&encoding=UTF-8 HTTP/1.1" 200 75 6 Nacos-Java-Client:v1.2.1
127.0.0.1 - - [15/Jun/2020:17:16:02 +0800] "PUT /nacos/v1/ns/instance/beat?app=unknown&namespaceId=public&port=9091&clusterName=DEFAULT&ip=192.168.190.1&serviceName=DEFAULT_GROUP%40%40auth-server&encoding=UTF-8 HTTP/1.1" 200 75 6 Nacos-Java-Client:v1.2.1
127.0.0.1 - - [15/Jun/2020:17:16:07 +0800] "PUT /nacos/v1/ns/instance/beat?app=unknown&namespaceId=public&port=9091&clusterName=DEFAULT&ip=192.168.190.1&serviceName=DEFAULT_GROUP%40%40auth-server&encoding=UTF-8 HTTP/1.1" 200 75 3 Nacos-Java-Client:v1.2.1
127.0.0.1 - - [15/Jun/2020:17:16:12 +0800] "PUT /nacos/v1/ns/instance/beat?app=unknown&namespaceId=public&port=9091&clusterName=DEFAULT&ip=192.168.190.1&serviceName=DEFAULT_GROUP%40%40auth-server&encoding=UTF-8 HTTP/1.1" 200 75 17 Nacos-Java-Client:v1.2.1
127.0.0.1 - - [15/Jun/2020:17:16:17 +0800] "PUT /nacos/v1/ns/instance/beat?app=unknown&namespaceId=public&port=9091&clusterName=DEFAULT&ip=192.168.190.1&serviceName=DEFAULT_GROUP%40%40auth-server&encoding=UTF-8 HTTP/1.1" 200 75 18 Nacos-Java-Client:v1.2.1
127.0.0.1 - - [15/Jun/2020:17:16:22 +0800] "PUT /nacos/v1/ns/instance/beat?app=unknown&namespaceId=public&port=9091&clusterName=DEFAULT&ip=192.168.190.1&serviceName=DEFAULT_GROUP%40%40auth-server&encoding=UTF-8 HTTP/1.1" 200 75 5 Nacos-Java-Client:v1.2.1
127.0.0.1 - - [15/Jun/2020:17:16:27 +0800] "PUT /nacos/v1/ns/instance/beat?app=unknown&namespaceId=public&port=9091&clusterName=DEFAULT&ip=192.168.190.1&serviceName=DEFAULT_GROUP%40%40auth-server&encoding=UTF-8 HTTP/1.1" 200 75 55 Nacos-Java-Client:v1.2.1
127.0.0.1 - - [15/Jun/2020:17:16:32 +0800] "PUT /nacos/v1/ns/instance/beat?app=unknown&namespaceId=public&port=9091&clusterName=DEFAULT&ip=192.168.190.1&serviceName=DEFAULT_GROUP%40%40auth-server&encoding=UTF-8 HTTP/1.1" 200 75 3 Nacos-Java-Client:v1.2.1
127.0.0.1 - - [15/Jun/2020:17:16:37 +0800] "PUT /nacos/v1/ns/instance/beat?app=unknown&namespaceId=public&port=9091&clusterName=DEFAULT&ip=192.168.190.1&serviceName=DEFAULT_GROUP%40%40auth-server&encoding=UTF-8 HTTP/1.1" 200 75 16 Nacos-Java-Client:v1.2.1
127.0.0.1 - - [15/Jun/2020:17:16:42 +0800] "PUT /nacos/v1/ns/instance/beat?app=unknown&namespaceId=public&port=9091&clusterName=DEFAULT&ip=192.168.190.1&serviceName=DEFAULT_GROUP%40%40auth-server&encoding=UTF-8 HTTP/1.1" 200 75 17 Nacos-Java-Client:v1.2.1
127.0.0.1 - - [15/Jun/2020:17:16:47 +0800] "PUT /nacos/v1/ns/instance/beat?app=unknown&namespaceId=public&port=9091&clusterName=DEFAULT&ip=192.168.190.1&serviceName=DEFAULT_GROUP%40%40auth-server&encoding=UTF-8 HTTP/1.1" 200 75 8 Nacos-Java-Client:v1.2.1
127.0.0.1 - - [15/Jun/2020:17:16:52 +0800] "PUT /nacos/v1/ns/instance/beat?app=unknown&namespaceId=public&port=9091&clusterName=DEFAULT&ip=192.168.190.1&serviceName=DEFAULT_GROUP%40%40auth-server&encoding=UTF-8 HTTP/1.1" 200 75 20 Nacos-Java-Client:v1.2.1
127.0.0.1 - - [15/Jun/2020:17:16:57 +0800] "PUT /nacos/v1/ns/instance/beat?app=unknown&namespaceId=public&port=9091&clusterName=DEFAULT&ip=192.168.190.1&serviceName=DEFAULT_GROUP%40%40auth-server&encoding=UTF-8 HTTP/1.1" 200 75 12 Nacos-Java-Client:v1.2.1
127.0.0.1 - - [15/Jun/2020:17:17:02 +0800] "PUT /nacos/v1/ns/instance/beat?app=unknown&namespaceId=public&port=9091&clusterName=DEFAULT&ip=192.168.190.1&serviceName=DEFAULT_GROUP%40%40auth-server&encoding=UTF-8 HTTP/1.1" 200 75 6 Nacos-Java-Client:v1.2.1
127.0.0.1 - - [15/Jun/2020:17:17:07 +0800] "PUT /nacos/v1/ns/instance/beat?app=unknown&namespaceId=public&port=9091&clusterName=DEFAULT&ip=192.168.190.1&serviceName=DEFAULT_GROUP%40%40auth-server&encoding=UTF-8 HTTP/1.1" 200 75 22 Nacos-Java-Client:v1.2.1
127.0.0.1 - - [15/Jun/2020:17:17:12 +0800] "PUT /nacos/v1/ns/instance/beat?app=unknown&namespaceId=public&port=9091&clusterName=DEFAULT&ip=192.168.190.1&serviceName=DEFAULT_GROUP%40%40auth-server&encoding=UTF-8 HTTP/1.1" 200 75 19 Nacos-Java-Client:v1.2.1
127.0.0.1 - - [15/Jun/2020:17:17:17 +0800] "PUT /nacos/v1/ns/instance/beat?app=unknown&namespaceId=public&port=9091&clusterName=DEFAULT&ip=192.168.190.1&serviceName=DEFAULT_GROUP%40%40auth-server&encoding=UTF-8 HTTP/1.1" 200 75 14 Nacos-Java-Client:v1.2.1
127.0.0.1 - - [15/Jun/2020:17:17:22 +0800] "PUT /nacos/v1/ns/instance/beat?app=unknown&namespaceId=public&port=9091&clusterName=DEFAULT&ip=192.168.190.1&serviceName=DEFAULT_GROUP%40%40auth-server&encoding=UTF-8 HTTP/1.1" 200 75 9 Nacos-Java-Client:v1.2.1
127.0.0.1 - - [15/Jun/2020:17:17:27 +0800] "PUT /nacos/v1/ns/instance/beat?app=unknown&namespaceId=public&port=9091&clusterName=DEFAULT&ip=192.168.190.1&serviceName=DEFAULT_GROUP%40%40auth-server&encoding=UTF-8 HTTP/1.1" 200 75 8 Nacos-Java-Client:v1.2.1
127.0.0.1 - - [15/Jun/2020:17:17:32 +0800] "PUT /nacos/v1/ns/instance/beat?app=unknown&namespaceId=public&port=9091&clusterName=DEFAULT&ip=192.168.190.1&serviceName=DEFAULT_GROUP%40%40auth-server&encoding=UTF-8 HTTP/1.1" 200 75 10 Nacos-Java-Client:v1.2.1
127.0.0.1 - - [15/Jun/2020:17:17:37 +0800] "PUT /nacos/v1/ns/instance/beat?app=unknown&namespaceId=public&port=9091&clusterName=DEFAULT&ip=192.168.190.1&serviceName=DEFAULT_GROUP%40%40auth-server&encoding=UTF-8 HTTP/1.1" 200 75 13 Nacos-Java-Client:v1.2.1
127.0.0.1 - - [15/Jun/2020:17:17:42 +0800] "PUT /nacos/v1/ns/instance/beat?app=unknown&namespaceId=public&port=9091&clusterName=DEFAULT&ip=192.168.190.1&serviceName=DEFAULT_GROUP%40%40auth-server&encoding=UTF-8 HTTP/1.1" 200 75 6 Nacos-Java-Client:v1.2.1
127.0.0.1 - - [15/Jun/2020:17:17:47 +0800] "PUT /nacos/v1/ns/instance/beat?app=unknown&namespaceId=public&port=9091&clusterName=DEFAULT&ip=192.168.190.1&serviceName=DEFAULT_GROUP%40%40auth-server&encoding=UTF-8 HTTP/1.1" 200 75 14 Nacos-Java-Client:v1.2.1
127.0.0.1 - - [15/Jun/2020:17:17:52 +0800] "PUT /nacos/v1/ns/instance/beat?app=unknown&namespaceId=public&port=9091&clusterName=DEFAULT&ip=192.168.190.1&serviceName=DEFAULT_GROUP%40%40auth-server&encoding=UTF-8 HTTP/1.1" 200 75 3 Nacos-Java-Client:v1.2.1
127.0.0.1 - - [15/Jun/2020:17:17:57 +0800] "PUT /nacos/v1/ns/instance/beat?app=unknown&namespaceId=public&port=9091&clusterName=DEFAULT&ip=192.168.190.1&serviceName=DEFAULT_GROUP%40%40auth-server&encoding=UTF-8 HTTP/1.1" 200 75 35 Nacos-Java-Client:v1.2.1
